eia_market_sales_price.csv
period,stateRegionId,stateRegionDescription,marketTypeId,marketTypeDescription,price,sales,price-units,sales-units
2023,WY,Wyoming,OM,Open Market,14.96,143393321,dollars per short ton,short tons
2022,WY,Wyoming,OM,Open Market,15.13,155764940,dollars per short ton,short tons
2021,WY,Wyoming,OM,Open Market,12.84,145550331,dollars per short ton,short tons
2020,WY,Wyoming,OM,Open Market,12.94,126518951,dollars per short ton,short tons
2019,WY,Wyoming,OM,Open Market,12.48,163338165,dollars per short ton,short tons
2018,WY,Wyoming,OM,Open Market,w,179905591,dollars per short ton,short tons
2017,WY,Wyoming,OM,Open Market,w,188378353,dollars per short ton,short tons
2016,WY,Wyoming,OM,Open Market,w,180467110,dollars per short ton,short tons
2015,WY,Wyoming,OM,Open Market,w,244780757,dollars per short ton,short tons
2014,WY,Wyoming,OM,Open Market,w,259054292,dollars per short ton,short tons
2013,WY,Wyoming,OM,Open Market,13.9,255994914,dollars per short ton,short tons
2012,WY,Wyoming,OM,Open Market,13.81,232921318,dollars per short ton,short tons
2011,WY,Wyoming,OM,Open Market,13.17,303695442,dollars per short ton,short tons
2010,WY,Wyoming,OM,Open Market,12.03,314486026,dollars per short ton,short tons
2009,WY,Wyoming,OM,Open Market,11.72,321441493,dollars per short ton,short tons
2008,WY,Wyoming,OM,Open Market,10.62,361256078,dollars per short ton,short tons
2007,WY,Wyoming,OM,Open Market,9.67,375774650,dollars per short ton,short tons
2006,WY,Wyoming,OM,Open Market,9.03,372111902,dollars per short ton,short tons
2005,WY,Wyoming,OM,Open Market,7.71,368043331,dollars per short ton,short tons
2004,WY,Wyoming,OM,Open Market,7.12,378122887,dollars per short ton,short tons
2003,WY,Wyoming,OM,Open Market,6.74,359270563,dollars per short ton,short tons
2002,WY,Wyoming,OM,Open Market,6.37,354538576,dollars per short ton,short tons
2001,WY,Wyoming,OM,Open Market,5.62,350280108,dollars per short ton,short tons
2023,WY,Wyoming,CAP,Captive,15.57,92003083,dollars per short ton,short tons
2022,WY,Wyoming,CAP,Captive,14.34,87699150,dollars per short ton,short tons
2021,WY,Wyoming,CAP,Captive,12.72,93064739,dollars per short ton,short tons
2020,WY,Wyoming,CAP,Captive,13.19,92054841,dollars per short ton,short tons
2019,WY,Wyoming,CAP,Captive,12.85,113407876,dollars per short ton,short tons
2018,WY,Wyoming,CAP,Captive,w,124454977,dollars per short ton,short tons
2017,WY,Wyoming,CAP,Captive,w,128318460,dollars per short ton,short tons
2016,WY,Wyoming,CAP,Captive,w,117531494,dollars per short ton,short tons
2015,WY,Wyoming,CAP,Captive,w,130953242,dollars per short ton,short tons
2014,WY,Wyoming,CAP,Captive,w,135498621,dollars per short ton,short tons
2013,WY,Wyoming,CAP,Captive,14.25,130639047,dollars per short ton,short tons
2012,WY,Wyoming,CAP,Captive,14.83,167104041,dollars per short ton,short tons
2011,WY,Wyoming,CAP,Captive,14.45,133728080,dollars per short ton,short tons
2010,WY,Wyoming,CAP,Captive,14.53,127574673,dollars per short ton,short tons
2009,WY,Wyoming,CAP,Captive,14.47,108552075,dollars per short ton,short tons
2008,WY,Wyoming,CAP,Captive,14.05,104109182,dollars per short ton,short tons
2007,WY,Wyoming,CAP,Captive,13.62,75461858,dollars per short ton,short tons
2006,WY,Wyoming,CAP,Captive,10.13,72982858,dollars per short ton,short tons
2005,WY,Wyoming,CAP,Captive,10.21,36080481,dollars per short ton,short tons
2004,WY,Wyoming,CAP,Captive,12.46,17626854,dollars per short ton,short tons
2003,WY,Wyoming,CAP,Captive,12.02,17499265,dollars per short ton,short tons
2002,WY,Wyoming,CAP,Captive,9.19,18495345,dollars per short ton,short tons
2001,WY,Wyoming,CAP,Captive,9.26,18419325,dollars per short ton,short tons
2023,UT,Utah,OM,Open Market,57.64,5156925,dollars per short ton,short tons
2022,UT,Utah,OM,Open Market,42.27,8936467,dollars per short ton,short tons
2021,UT,Utah,OM,Open Market,39.51,10441265,dollars per short ton,short tons
2020,UT,Utah,OM,Open Market,39.35,11966361,dollars per short ton,short tons
2019,UT,Utah,OM,Open Market,w,11549990,dollars per short ton,short tons
2018,UT,Utah,OM,Open Market,37.13,10803022,dollars per short ton,short tons
2017,UT,Utah,OM,Open Market,w,11615729,dollars per short ton,short tons
2016,UT,Utah,OM,Open Market,w,11927072,dollars per short ton,short tons
2015,UT,Utah,OM,Open Market,w,13369580,dollars per short ton,short tons
2014,UT,Utah,OM,Open Market,w,12679228,dollars per short ton,short tons
2013,UT,Utah,OM,Open Market,w,13214730,dollars per short ton,short tons
2012,UT,Utah,OM,Open Market,w,w,dollars per short ton,short tons
2011,UT,Utah,OM,Open Market,33.07,w,dollars per short ton,short tons
2010,UT,Utah,OM,Open Market,27.53,w,dollars per short ton,short tons
2009,UT,Utah,OM,Open Market,32.36,w,dollars per short ton,short tons
2008,UT,Utah,OM,Open Market,26.91,w,dollars per short ton,short tons
2007,UT,Utah,OM,Open Market,25.69,w,dollars per short ton,short tons
2006,UT,Utah,OM,Open Market,24.98,12735328,dollars per short ton,short tons
2005,UT,Utah,OM,Open Market,21.45,12022048,dollars per short ton,short tons
2004,UT,Utah,OM,Open Market,17.39,18831784,dollars per short ton,short tons
2003,UT,Utah,OM,Open Market,17.08,w,dollars per short ton,short tons
2002,UT,Utah,OM,Open Market,18.3,w,dollars per short ton,short tons
2001,UT,Utah,OM,Open Market,19.86,20457947,dollars per short ton,short tons
2023,CO,Colorado,OM,Open Market,w,5922034,dollars per short ton,short tons
2022,CO,Colorado,OM,Open Market,w,6038669,dollars per short ton,short tons
2021,CO,Colorado,OM,Open Market,36.61,4628627,dollars per short ton,short tons
2020,CO,Colorado,OM,Open Market,39,4580532,dollars per short ton,short tons
2019,CO,Colorado,OM,Open Market,38.55,4685724,dollars per short ton,short tons
2018,CO,Colorado,OM,Open Market,37.9,4027129,dollars per short ton,short tons
2017,CO,Colorado,OM,Open Market,38.7,6133711,dollars per short ton,short tons
2016,CO,Colorado,OM,Open Market,35.69,6655232,dollars per short ton,short tons
2015,CO,Colorado,OM,Open Market,31.28,8590279,dollars per short ton,short tons
2014,CO,Colorado,OM,Open Market,35.68,10601825,dollars per short ton,short tons
2013,CO,Colorado,OM,Open Market,36.82,8843048,dollars per short ton,short tons
2012,CO,Colorado,OM,Open Market,38.51,20836314,dollars per short ton,short tons
2011,CO,Colorado,OM,Open Market,39.74,20774358,dollars per short ton,short tons
2010,CO,Colorado,OM,Open Market,39.45,22154213,dollars per short ton,short tons
2009,CO,Colorado,OM,Open Market,36.71,24277694,dollars per short ton,short tons
2008,CO,Colorado,OM,Open Market,32.3,30545830,dollars per short ton,short tons
2007,CO,Colorado,OM,Open Market,24.91,w,dollars per short ton,short tons
2006,CO,Colorado,OM,Open Market,24.27,34130004,dollars per short ton,short tons
2005,CO,Colorado,OM,Open Market,21.63,w,dollars per short ton,short tons
2004,CO,Colorado,OM,Open Market,18.1,w,dollars per short ton,short tons
2003,CO,Colorado,OM,Open Market,18.21,w,dollars per short ton,short tons
2002,CO,Colorado,OM,Open Market,17.72,w,dollars per short ton,short tons
2001,CO,Colorado,OM,Open Market,17.2,w,dollars per short ton,short tons
2023,CO,Colorado,CAP,Captive,w,5580483,dollars per short ton,short tons
2022,CO,Colorado,CAP,Captive,w,4986940,dollars per short ton,short tons
2021,CO,Colorado,CAP,Captive,44.63,5271436,dollars per short ton,short tons
2020,CO,Colorado,CAP,Captive,42.84,5157130,dollars per short ton,short tons
2019,CO,Colorado,CAP,Captive,45.52,5573382,dollars per short ton,short tons
2018,CO,Colorado,CAP,Captive,43.55,5394189,dollars per short ton,short tons
2017,CO,Colorado,CAP,Captive,44.26,5912156,dollars per short ton,short tons
2016,CO,Colorado,CAP,Captive,51.13,6184270,dollars per short ton,short tons
2015,CO,Colorado,CAP,Captive,43.3,9022727,dollars per short ton,short tons
2014,CO,Colorado,CAP,Captive,44.28,11844353,dollars per short ton,short tons
2013,CO,Colorado,CAP,Captive,43.98,10854381,dollars per short ton,short tons
2012,CO,Colorado,CAP,Captive,43.19,4551616,dollars per short ton,short tons
2011,CO,Colorado,CAP,Captive,41.57,3845876,dollars per short ton,short tons
2010,CO,Colorado,CAP,Captive,44.44,2755697,dollars per short ton,short tons
2009,CO,Colorado,CAP,Captive,36.73,3292696,dollars per short ton,short tons
2008,CO,Colorado,CAP,Captive,36.59,2917288,dollars per short ton,short tons
2007,CO,Colorado,CAP,Captive,w,w,dollars per short ton,short tons
2006,CO,Colorado,CAP,Captive,w,2007975,dollars per short ton,short tons
2005,CO,Colorado,CAP,Captive,w,w,dollars per short ton,short tons
2004,CO,Colorado,CAP,Captive,w,w,dollars per short ton,short tons
2003,CO,Colorado,CAP,Captive,w,w,dollars per short ton,short tons
2002,CO,Colorado,CAP,Captive,w,w,dollars per short ton,short tons
2001,CO,Colorado,CAP,Captive,w,w,dollars per short ton,short tons
2023,MTN,Mountain,OM,Open Market,19.38,175713214,dollars per short ton,short tons
2022,MTN,Mountain,OM,Open Market,19.13,195743219,dollars per short ton,short tons
2021,MTN,Mountain,OM,Open Market,16.91,183718057,dollars per short ton,short tons
2020,MTN,Mountain,OM,Open Market,17.6,165713252,dollars per short ton,short tons
2019,MTN,Mountain,OM,Open Market,17.99,214416419,dollars per short ton,short tons
2018,MTN,Mountain,OM,Open Market,16.29,232971169,dollars per short ton,short tons
2017,MTN,Mountain,OM,Open Market,16.88,245780565,dollars per short ton,short tons
2016,MTN,Mountain,OM,Open Market,17.11,240454386,dollars per short ton,short tons
2015,MTN,Mountain,OM,Open Market,16.74,316199444,dollars per short ton,short tons
2014,MTN,Mountain,OM,Open Market,17.32,334693443,dollars per short ton,short tons
2013,MTN,Mountain,OM,Open Market,17.56,328886285,dollars per short ton,short tons
2012,MTN,Mountain,OM,Open Market,18.64,314614730,dollars per short ton,short tons
2011,MTN,Mountain,OM,Open Market,17.31,397960944,dollars per short ton,short tons
2010,MTN,Mountain,OM,Open Market,15.63,415460606,dollars per short ton,short tons
2009,MTN,Mountain,OM,Open Market,15.52,424673264,dollars per short ton,short tons
2008,MTN,Mountain,OM,Open Market,14.25,480650094,dollars per short ton,short tons
2007,MTN,Mountain,OM,Open Market,12.64,498137102,dollars per short ton,short tons
2006,MTN,Mountain,OM,Open Market,11.85,489603363,dollars per short ton,short tons
2005,MTN,Mountain,OM,Open Market,10.68,494216009,dollars per short ton,short tons
2004,MTN,Mountain,OM,Open Market,9.83,513181491,dollars per short ton,short tons
2003,MTN,Mountain,OM,Open Market,9.45,486612927,dollars per short ton,short tons
2002,MTN,Mountain,OM,Open Market,9.26,483829993,dollars per short ton,short tons
2001,MTN,Mountain,OM,Open Market,8.68,482971566,dollars per short ton,short tons
2023,MTN,Mountain,CAP,Captive,25.25,108926577,dollars per short ton,short tons
2022,MTN,Mountain,CAP,Captive,23.17,103718168,dollars per short ton,short tons
2021,MTN,Mountain,CAP,Captive,16.47,109246671,dollars per short ton,short tons
2020,MTN,Mountain,CAP,Captive,16.11,107942621,dollars per short ton,short tons
2019,MTN,Mountain,CAP,Captive,16.16,131754954,dollars per short ton,short tons
2018,MTN,Mountain,CAP,Captive,16.3,142827869,dollars per short ton,short tons
2017,MTN,Mountain,CAP,Captive,16.48,146037628,dollars per short ton,short tons
2016,MTN,Mountain,CAP,Captive,17.47,136769132,dollars per short ton,short tons
2015,MTN,Mountain,CAP,Captive,17.68,158736083,dollars per short ton,short tons
2014,MTN,Mountain,CAP,Captive,18.15,169541569,dollars per short ton,short tons
2013,MTN,Mountain,CAP,Captive,17.61,164258403,dollars per short ton,short tons
2012,MTN,Mountain,CAP,Captive,16.57,193901874,dollars per short ton,short tons
2011,MTN,Mountain,CAP,Captive,15.73,157017282,dollars per short ton,short tons
2010,MTN,Mountain,CAP,Captive,15.99,144679363,dollars per short ton,short tons
2009,MTN,Mountain,CAP,Captive,15.99,126897626,dollars per short ton,short tons
2008,MTN,Mountain,CAP,Captive,15.31,119709041,dollars per short ton,short tons
2007,MTN,Mountain,CAP,Captive,15.36,88330361,dollars per short ton,short tons
2006,MTN,Mountain,CAP,Captive,12.68,92932051,dollars per short ton,short tons
2005,MTN,Mountain,CAP,Captive,13.15,53270345,dollars per short ton,short tons
2004,MTN,Mountain,CAP,Captive,15.53,25093565,dollars per short ton,short tons
2003,MTN,Mountain,CAP,Captive,14.81,25254828,dollars per short ton,short tons
2002,MTN,Mountain,CAP,Captive,12.42,26834389,dollars per short ton,short tons
2001,MTN,Mountain,CAP,Captive,12.72,26778847,dollars per short ton,short tons
2023,WSC,West South Central,OM,Open Market,49.55,1018085,dollars per short ton,short tons
2022,WSC,West South Central,OM,Open Market,51.77,2694847,dollars per short ton,short tons
2021,WSC,West South Central,OM,Open Market,60.37,2471621,dollars per short ton,short tons
2020,WSC,West South Central,OM,Open Market,106.5,3076173,dollars per short ton,short tons
2019,WSC,West South Central,OM,Open Market,41.38,3157553,dollars per short ton,short tons
2018,WSC,West South Central,OM,Open Market,51.58,5978909,dollars per short ton,short tons
2017,WSC,West South Central,OM,Open Market,45.1,7524844,dollars per short ton,short tons
2016,WSC,West South Central,OM,Open Market,30.56,9077197,dollars per short ton,short tons
2015,WSC,West South Central,OM,Open Market,41.15,12318397,dollars per short ton,short tons
2014,WSC,West South Central,OM,Open Market,31.36,15544504,dollars per short ton,short tons
2013,WSC,West South Central,OM,Open Market,32.14,15066329,dollars per short ton,short tons
2012,WSC,West South Central,OM,Open Market,32.21,14871292,dollars per short ton,short tons
2011,WSC,West South Central,OM,Open Market,29.31,18322236,dollars per short ton,short tons
2010,WSC,West South Central,OM,Open Market,27.87,13149685,dollars per short ton,short tons
2009,WSC,West South Central,OM,Open Market,26,13278428,dollars per short ton,short tons
2008,WSC,West South Central,OM,Open Market,23.46,16398493,dollars per short ton,short tons
2007,WSC,West South Central,OM,Open Market,21.76,16392428,dollars per short ton,short tons
2006,WSC,West South Central,OM,Open Market,20.37,16859057,dollars per short ton,short tons
2005,WSC,West South Central,OM,Open Market,18.94,17810379,dollars per short ton,short tons
2004,WSC,West South Central,OM,Open Market,17.28,16946519,dollars per short ton,short tons
2003,WSC,West South Central,OM,Open Market,16.43,17640375,dollars per short ton,short tons
2002,WSC,West South Central,OM,Open Market,18.78,12680611,dollars per short ton,short tons
2001,WSC,West South Central,OM,Open Market,19.91,14510292,dollars per short ton,short tons
2023,WSC,West South Central,CAP,Captive,16.73,13361679,dollars per short ton,short tons
2022,WSC,West South Central,CAP,Captive,16.5,14046397,dollars per short ton,short tons
2021,WSC,West South Central,CAP,Captive,14.11,15432882,dollars per short ton,short tons
2020,WSC,West South Central,CAP,Captive,11.52,17721036,dollars per short ton,short tons
2019,WSC,West South Central,CAP,Captive,17.58,19497572,dollars per short ton,short tons
2018,WSC,West South Central,CAP,Captive,14.52,19026336,dollars per short ton,short tons
2017,WSC,West South Central,CAP,Captive,15.02,28958264,dollars per short ton,short tons
2016,WSC,West South Central,CAP,Captive,19.14,31950457,dollars per short ton,short tons
2015,WSC,West South Central,CAP,Captive,18.51,28369156,dollars per short ton,short tons
2014,WSC,West South Central,CAP,Captive,15.23,32384346,dollars per short ton,short tons
2013,WSC,West South Central,CAP,Captive,16.62,29128873,dollars per short ton,short tons
2012,WSC,West South Central,CAP,Captive,16.67,30918833,dollars per short ton,short tons
2011,WSC,West South Central,CAP,Captive,17.12,31162273,dollars per short ton,short tons
2010,WSC,West South Central,CAP,Captive,19.76,32677761,dollars per short ton,short tons
2009,WSC,West South Central,CAP,Captive,18.17,25728278,dollars per short ton,short tons
2008,WSC,West South Central,CAP,Captive,17.97,28028139,dollars per short ton,short tons
2007,WSC,West South Central,CAP,Captive,15.71,29941728,dollars per short ton,short tons
2006,WSC,West South Central,CAP,Captive,14.12,33983422,dollars per short ton,short tons
2005,WSC,West South Central,CAP,Captive,13.65,35579374,dollars per short ton,short tons
2004,WSC,West South Central,CAP,Captive,13.6,34965722,dollars per short ton,short tons
2003,WSC,West South Central,CAP,Captive,13.64,35587510,dollars per short ton,short tons
2002,WSC,West South Central,CAP,Captive,14.26,38139911,dollars per short ton,short tons
2001,WSC,West South Central,CAP,Captive,15.48,35745763,dollars per short ton,short tons
