eia_market_sales_price.csv
period,stateRegionId,stateRegionDescription,marketTypeId,marketTypeDescription,price,sales,price-units,sales-units
2023,KYW,Kentucky (West),OM,Open Market,55.5,15066720,dollars per short ton,short tons
2022,KYW,Kentucky (West),OM,Open Market,w,15593156,dollars per short ton,short tons
2021,KYW,Kentucky (West),OM,Open Market,43.34,15543304,dollars per short ton,short tons
2020,KYW,Kentucky (West),OM,Open Market,41.71,16626834,dollars per short ton,short tons
2019,KYW,Kentucky (West),OM,Open Market,w,20689519,dollars per short ton,short tons
2018,KYW,Kentucky (West),OM,Open Market,43.81,20239316,dollars per short ton,short tons
2017,KYW,Kentucky (West),OM,Open Market,45.53,21932929,dollars per short ton,short tons
2016,KYW,Kentucky (West),OM,Open Market,w,26519427,dollars per short ton,short tons
2015,KYW,Kentucky (West),OM,Open Market,50.1,32387732,dollars per short ton,short tons
2014,KYW,Kentucky (West),OM,Open Market,49.58,39950315,dollars per short ton,short tons
2013,KYW,Kentucky (West),OM,Open Market,48.32,39528637,dollars per short ton,short tons
2012,KYW,Kentucky (West),OM,Open Market,48.6,39277306,dollars per short ton,short tons
2011,KYW,Kentucky (West),OM,Open Market,45.72,40087014,dollars per short ton,short tons
2010,KYW,Kentucky (West),OM,Open Market,43.38,w,dollars per short ton,short tons
2009,KYW,Kentucky (West),OM,Open Market,39.06,w,dollars per short ton,short tons
2008,KYW,Kentucky (West),OM,Open Market,35.59,w,dollars per short ton,short tons
2007,KYW,Kentucky (West),OM,Open Market,32.67,w,dollars per short ton,short tons
2006,KYW,Kentucky (West),OM,Open Market,29.76,26854589,dollars per short ton,short tons
2005,KYW,Kentucky (West),OM,Open Market,27.19,w,dollars per short ton,short tons
2004,KYW,Kentucky (West),OM,Open Market,23.6,w,dollars per short ton,short tons
2003,KYW,Kentucky (West),OM,Open Market,22.05,w,dollars per short ton,short tons
2002,KYW,Kentucky (West),OM,Open Market,22.23,w,dollars per short ton,short tons
2001,KYW,Kentucky (West),OM,Open Market,21.58,w,dollars per short ton,short tons
2023,KY,Kentucky,OM,Open Market,69.49,23867638,dollars per short ton,short tons
2022,KY,Kentucky,OM,Open Market,66.79,25398038,dollars per short ton,short tons
2021,KY,Kentucky,OM,Open Market,50.96,23456607,dollars per short ton,short tons
2020,KY,Kentucky,OM,Open Market,47.95,23881990,dollars per short ton,short tons
2019,KY,Kentucky,OM,Open Market,w,32318980,dollars per short ton,short tons
2018,KY,Kentucky,OM,Open Market,55.63,34002726,dollars per short ton,short tons
2017,KY,Kentucky,OM,Open Market,51.63,36920259,dollars per short ton,short tons
2016,KY,Kentucky,OM,Open Market,w,41426950,dollars per short ton,short tons
2015,KY,Kentucky,OM,Open Market,54.61,56928209,dollars per short ton,short tons
2014,KY,Kentucky,OM,Open Market,57.07,71026886,dollars per short ton,short tons
2013,KY,Kentucky,OM,Open Market,59.24,74433938,dollars per short ton,short tons
2012,KY,Kentucky,OM,Open Market,61.85,76601575,dollars per short ton,short tons
2011,KY,Kentucky,OM,Open Market,63.23,100164605,dollars per short ton,short tons
2010,KY,Kentucky,OM,Open Market,60.72,99332974,dollars per short ton,short tons
2009,KY,Kentucky,OM,Open Market,58.53,99330342,dollars per short ton,short tons
2008,KY,Kentucky,OM,Open Market,51.33,114067641,dollars per short ton,short tons
2007,KY,Kentucky,OM,Open Market,43.62,112654524,dollars per short ton,short tons
2006,KY,Kentucky,OM,Open Market,42.73,115123529,dollars per short ton,short tons
2005,KY,Kentucky,OM,Open Market,39.68,116725480,dollars per short ton,short tons
2004,KY,Kentucky,OM,Open Market,32.74,109474061,dollars per short ton,short tons
2003,KY,Kentucky,OM,Open Market,28.15,110149729,dollars per short ton,short tons
2002,KY,Kentucky,OM,Open Market,27.77,120923133,dollars per short ton,short tons
2001,KY,Kentucky,OM,Open Market,26.77,131702198,dollars per short ton,short tons
2023,KY,Kentucky,CAP,Captive,333.58,101915,dollars per short ton,short tons
2022,KY,Kentucky,CAP,Captive,256.14,515208,dollars per short ton,short tons
2021,KY,Kentucky,CAP,Captive,125.06,798462,dollars per short ton,short tons
2020,KY,Kentucky,CAP,Captive,225,71383,dollars per short ton,short tons
2019,KY,Kentucky,CAP,Captive,w,951325,dollars per short ton,short tons
2018,KY,Kentucky,CAP,Captive,61.14,382702,dollars per short ton,short tons
2017,KY,Kentucky,CAP,Captive,71.67,197520,dollars per short ton,short tons
2016,KY,Kentucky,CAP,Captive,w,894117,dollars per short ton,short tons
2015,KY,Kentucky,CAP,Captive,58.41,217914,dollars per short ton,short tons
2014,KY,Kentucky,CAP,Captive,65.5,205533,dollars per short ton,short tons
2013,KY,Kentucky,CAP,Captive,62.04,969335,dollars per short ton,short tons
2012,KY,Kentucky,CAP,Captive,73.08,6884019,dollars per short ton,short tons
2011,KY,Kentucky,CAP,Captive,59.56,3728583,dollars per short ton,short tons
2010,KY,Kentucky,CAP,Captive,63.01,5249587,dollars per short ton,short tons
2009,KY,Kentucky,CAP,Captive,58.72,5356467,dollars per short ton,short tons
2008,KY,Kentucky,CAP,Captive,51.2,5252931,dollars per short ton,short tons
2007,KY,Kentucky,CAP,Captive,42.94,4641087,dollars per short ton,short tons
2006,KY,Kentucky,CAP,Captive,44.34,3081737,dollars per short ton,short tons
2005,KY,Kentucky,CAP,Captive,35.62,2457173,dollars per short ton,short tons
2004,KY,Kentucky,CAP,Captive,29.06,4887857,dollars per short ton,short tons
2003,KY,Kentucky,CAP,Captive,26.95,2866389,dollars per short ton,short tons
2002,KY,Kentucky,CAP,Captive,25.39,2910759,dollars per short ton,short tons
2001,KY,Kentucky,CAP,Captive,27.77,1581848,dollars per short ton,short tons
2023,AL,Alabama,OM,Open Market,150.42,2295160,dollars per short ton,short tons
2022,AL,Alabama,OM,Open Market,179.11,1863242,dollars per short ton,short tons
2021,AL,Alabama,OM,Open Market,w,1535250,dollars per short ton,short tons
2020,AL,Alabama,OM,Open Market,w,2434761,dollars per short ton,short tons
2019,AL,Alabama,OM,Open Market,w,3523753,dollars per short ton,short tons
2018,AL,Alabama,OM,Open Market,w,4127344,dollars per short ton,short tons
2017,AL,Alabama,OM,Open Market,w,3029087,dollars per short ton,short tons
2016,AL,Alabama,OM,Open Market,w,2968333,dollars per short ton,short tons
2015,AL,Alabama,OM,Open Market,w,5102138,dollars per short ton,short tons
2014,AL,Alabama,OM,Open Market,84.48,5310349,dollars per short ton,short tons
2013,AL,Alabama,OM,Open Market,83.43,6989981,dollars per short ton,short tons
2012,AL,Alabama,OM,Open Market,85.06,8687990,dollars per short ton,short tons
2011,AL,Alabama,OM,Open Market,77.51,17341549,dollars per short ton,short tons
2010,AL,Alabama,OM,Open Market,86.11,20114283,dollars per short ton,short tons
2009,AL,Alabama,OM,Open Market,76.22,18684711,dollars per short ton,short tons
2008,AL,Alabama,OM,Open Market,71.31,20106836,dollars per short ton,short tons
2007,AL,Alabama,OM,Open Market,55.56,19350451,dollars per short ton,short tons
2006,AL,Alabama,OM,Open Market,48.39,18677726,dollars per short ton,short tons
2005,AL,Alabama,OM,Open Market,53.63,22155750,dollars per short ton,short tons
2004,AL,Alabama,OM,Open Market,41.73,21435944,dollars per short ton,short tons
2003,AL,Alabama,OM,Open Market,33.75,20563439,dollars per short ton,short tons
2002,AL,Alabama,OM,Open Market,34.28,w,dollars per short ton,short tons
2001,AL,Alabama,OM,Open Market,34.36,w,dollars per short ton,short tons
2023,ESC,East South Central,OM,Open Market,71.81,29093597,dollars per short ton,short tons
2022,ESC,East South Central,OM,Open Market,69.72,30475924,dollars per short ton,short tons
2021,ESC,East South Central,OM,Open Market,51.18,28016465,dollars per short ton,short tons
2020,ESC,East South Central,OM,Open Market,49.16,28873098,dollars per short ton,short tons
2019,ESC,East South Central,OM,Open Market,51.9,38671573,dollars per short ton,short tons
2018,ESC,East South Central,OM,Open Market,57.41,41178728,dollars per short ton,short tons
2017,ESC,East South Central,OM,Open Market,52.29,42691989,dollars per short ton,short tons
2016,ESC,East South Central,OM,Open Market,51.01,48050244,dollars per short ton,short tons
2015,ESC,East South Central,OM,Open Market,55.57,66200872,dollars per short ton,short tons
2014,ESC,East South Central,OM,Open Market,57.98,79800952,dollars per short ton,short tons
2013,ESC,East South Central,OM,Open Market,60.11,85618718,dollars per short ton,short tons
2012,ESC,East South Central,OM,Open Market,62.93,89403011,dollars per short ton,short tons
2011,ESC,East South Central,OM,Open Market,64.52,121612931,dollars per short ton,short tons
2010,ESC,East South Central,OM,Open Market,63.74,124771506,dollars per short ton,short tons
2009,ESC,East South Central,OM,Open Market,60.16,123683768,dollars per short ton,short tons
2008,ESC,East South Central,OM,Open Market,53.43,140101542,dollars per short ton,short tons
2007,ESC,East South Central,OM,Open Market,44.64,138014334,dollars per short ton,short tons
2006,ESC,East South Central,OM,Open Market,42.8,140194684,dollars per short ton,short tons
2005,ESC,East South Central,OM,Open Market,41.27,145629986,dollars per short ton,short tons
2004,ESC,East South Central,OM,Open Market,33.75,137279886,dollars per short ton,short tons
2003,ESC,East South Central,OM,Open Market,28.64,136977953,dollars per short ton,short tons
2002,ESC,East South Central,OM,Open Market,28.34,145287268,dollars per short ton,short tons
2001,ESC,East South Central,OM,Open Market,27.67,154067090,dollars per short ton,short tons
2023,ESC,East South Central,CAP,Captive,333.58,101915,dollars per short ton,short tons
2022,ESC,East South Central,CAP,Captive,256.14,515208,dollars per short ton,short tons
2021,ESC,East South Central,CAP,Captive,125.06,798462,dollars per short ton,short tons
2020,ESC,East South Central,CAP,Captive,119.05,195237,dollars per short ton,short tons
2019,ESC,East South Central,CAP,Captive,76.16,1041159,dollars per short ton,short tons
2018,ESC,East South Central,CAP,Captive,67.6,456150,dollars per short ton,short tons
2017,ESC,East South Central,CAP,Captive,35.76,754400,dollars per short ton,short tons
2016,ESC,East South Central,CAP,Captive,41.04,1300560,dollars per short ton,short tons
2015,ESC,East South Central,CAP,Captive,58.46,221567,dollars per short ton,short tons
2014,ESC,East South Central,CAP,Captive,65.5,205533,dollars per short ton,short tons
2013,ESC,East South Central,CAP,Captive,62.04,969335,dollars per short ton,short tons
2012,ESC,East South Central,CAP,Captive,73.08,6884019,dollars per short ton,short tons
2011,ESC,East South Central,CAP,Captive,59.23,3857585,dollars per short ton,short tons
2010,ESC,East South Central,CAP,Captive,63.66,5372393,dollars per short ton,short tons
2009,ESC,East South Central,CAP,Captive,58.21,5585382,dollars per short ton,short tons
2008,ESC,East South Central,CAP,Captive,51.2,5252931,dollars per short ton,short tons
2007,ESC,East South Central,CAP,Captive,42.94,4641087,dollars per short ton,short tons
2006,ESC,East South Central,CAP,Captive,44.34,3081737,dollars per short ton,short tons
2005,ESC,East South Central,CAP,Captive,35.62,2457173,dollars per short ton,short tons
2004,ESC,East South Central,CAP,Captive,29.06,4887857,dollars per short ton,short tons
2003,ESC,East South Central,CAP,Captive,26.95,2866389,dollars per short ton,short tons
2002,ESC,East South Central,CAP,Captive,29.04,3613340,dollars per short ton,short tons
2001,ESC,East South Central,CAP,Captive,32.14,2340236,dollars per short ton,short tons
2023,WVS,West Virginia (Southern),OM,Open Market,w,16923476,dollars per short ton,short tons
2022,WVS,West Virginia (Southern),OM,Open Market,w,16945513,dollars per short ton,short tons
2021,WVS,West Virginia (Southern),OM,Open Market,w,16803959,dollars per short ton,short tons
2020,WVS,West Virginia (Southern),OM,Open Market,w,14669148,dollars per short ton,short tons
2019,WVS,West Virginia (Southern),OM,Open Market,w,23769376,dollars per short ton,short tons
2018,WVS,West Virginia (Southern),OM,Open Market,w,25454851,dollars per short ton,short tons
2017,WVS,West Virginia (Southern),OM,Open Market,w,24803371,dollars per short ton,short tons
2016,WVS,West Virginia (Southern),OM,Open Market,w,22035139,dollars per short ton,short tons
2015,WVS,West Virginia (Southern),OM,Open Market,w,28987904,dollars per short ton,short tons
2014,WVS,West Virginia (Southern),OM,Open Market,w,39340570,dollars per short ton,short tons
2013,WVS,West Virginia (Southern),OM,Open Market,w,43748689,dollars per short ton,short tons
2012,WVS,West Virginia (Southern),OM,Open Market,w,33092035,dollars per short ton,short tons
2011,WVS,West Virginia (Southern),OM,Open Market,83.64,w,dollars per short ton,short tons
2010,WVS,West Virginia (Southern),OM,Open Market,76.61,79368948,dollars per short ton,short tons
2009,WVS,West Virginia (Southern),OM,Open Market,67.79,85075165,dollars per short ton,short tons
2008,WVS,West Virginia (Southern),OM,Open Market,64.7,101847532,dollars per short ton,short tons
2007,WVS,West Virginia (Southern),OM,Open Market,51.5,99942270,dollars per short ton,short tons
2006,WVS,West Virginia (Southern),OM,Open Market,49.94,98758898,dollars per short ton,short tons
2005,WVS,West Virginia (Southern),OM,Open Market,45.5,102033793,dollars per short ton,short tons
2004,WVS,West Virginia (Southern),OM,Open Market,37.76,101911706,dollars per short ton,short tons
2003,WVS,West Virginia (Southern),OM,Open Market,31.19,102024675,dollars per short ton,short tons
2002,WVS,West Virginia (Southern),OM,Open Market,30.92,110757609,dollars per short ton,short tons
2001,WVS,West Virginia (Southern),OM,Open Market,28.08,119497843,dollars per short ton,short tons
2023,WVN,West Virginia (Northern),OM,Open Market,w,30747117,dollars per short ton,short tons
2022,WVN,West Virginia (Northern),OM,Open Market,w,36793730,dollars per short ton,short tons
2021,WVN,West Virginia (Northern),OM,Open Market,w,35764641,dollars per short ton,short tons
2020,WVN,West Virginia (Northern),OM,Open Market,w,23278598,dollars per short ton,short tons
2019,WVN,West Virginia (Northern),OM,Open Market,w,21855452,dollars per short ton,short tons
2018,WVN,West Virginia (Northern),OM,Open Market,w,24576216,dollars per short ton,short tons
2017,WVN,West Virginia (Northern),OM,Open Market,w,29097302,dollars per short ton,short tons
2016,WVN,West Virginia (Northern),OM,Open Market,w,27952832,dollars per short ton,short tons
2015,WVN,West Virginia (Northern),OM,Open Market,w,31088088,dollars per short ton,short tons
2014,WVN,West Virginia (Northern),OM,Open Market,w,34974498,dollars per short ton,short tons
2013,WVN,West Virginia (Northern),OM,Open Market,w,37792050,dollars per short ton,short tons
2012,WVN,West Virginia (Northern),OM,Open Market,w,33666429,dollars per short ton,short tons
2011,WVN,West Virginia (Northern),OM,Open Market,55.11,w,dollars per short ton,short tons
2010,WVN,West Virginia (Northern),OM,Open Market,54.51,38532657,dollars per short ton,short tons
2009,WVN,West Virginia (Northern),OM,Open Market,51.38,34419258,dollars per short ton,short tons
2008,WVN,West Virginia (Northern),OM,Open Market,43.01,36129572,dollars per short ton,short tons
2007,WVN,West Virginia (Northern),OM,Open Market,37.67,38795882,dollars per short ton,short tons
2006,WVN,West Virginia (Northern),OM,Open Market,35.48,37801488,dollars per short ton,short tons
2005,WVN,West Virginia (Northern),OM,Open Market,33.16,38202745,dollars per short ton,short tons
2004,WVN,West Virginia (Northern),OM,Open Market,28.39,34157874,dollars per short ton,short tons
2003,WVN,West Virginia (Northern),OM,Open Market,25.74,28026419,dollars per short ton,short tons
2002,WVN,West Virginia (Northern),OM,Open Market,24.98,32030715,dollars per short ton,short tons
2001,WVN,West Virginia (Northern),OM,Open Market,23.48,35337558,dollars per short ton,short tons
2023,WV,West Virginia,OM,Open Market,w,47670593,dollars per short ton,short tons
2022,WV,West Virginia,OM,Open Market,78.54,53739243,dollars per short ton,short tons
2021,WV,West Virginia,OM,Open Market,w,52568600,dollars per short ton,short tons
2020,WV,West Virginia,OM,Open Market,58.26,37947746,dollars per short ton,short tons
2019,WV,West Virginia,OM,Open Market,67.3,45624828,dollars per short ton,short tons
2018,WV,West Virginia,OM,Open Market,63.18,50031067,dollars per short ton,short tons
2017,WV,West Virginia,OM,Open Market,58.5,53900673,dollars per short ton,short tons
2016,WV,West Virginia,OM,Open Market,55.29,49987971,dollars per short ton,short tons
2015,WV,West Virginia,OM,Open Market,59.98,60075992,dollars per short ton,short tons
2014,WV,West Virginia,OM,Open Market,65.31,74315068,dollars per short ton,short tons
2013,WV,West Virginia,OM,Open Market,w,81540739,dollars per short ton,short tons
2012,WV,West Virginia,OM,Open Market,73.41,66758464,dollars per short ton,short tons
2011,WV,West Virginia,OM,Open Market,73.73,98799114,dollars per short ton,short tons
2010,WV,West Virginia,OM,Open Market,69.38,117901605,dollars per short ton,short tons
2009,WV,West Virginia,OM,Open Market,63.07,119494423,dollars per short ton,short tons
2008,WV,West Virginia,OM,Open Market,59.02,137977104,dollars per short ton,short tons
2007,WV,West Virginia,OM,Open Market,47.63,138738152,dollars per short ton,short tons
2006,WV,West Virginia,OM,Open Market,45.94,136560386,dollars per short ton,short tons
2005,WV,West Virginia,OM,Open Market,42.14,140236538,dollars per short ton,short tons
2004,WV,West Virginia,OM,Open Market,35.41,136069580,dollars per short ton,short tons
2003,WV,West Virginia,OM,Open Market,30.02,130051094,dollars per short ton,short tons
2002,WV,West Virginia,OM,Open Market,29.59,142788324,dollars per short ton,short tons
2001,WV,West Virginia,OM,Open Market,27.03,154835401,dollars per short ton,short tons
