eia_market_sales_price.csv
period,stateRegionId,stateRegionDescription,marketTypeId,marketTypeDescription,price,sales,price-units,sales-units
2023,WV,West Virginia,CAP,Captive,w,349517,dollars per short ton,short tons
2022,WV,West Virginia,CAP,Captive,126.96,964739,dollars per short ton,short tons
2021,WV,West Virginia,CAP,Captive,w,1127898,dollars per short ton,short tons
2020,WV,West Virginia,CAP,Captive,40.54,6528503,dollars per short ton,short tons
2019,WV,West Virginia,CAP,Captive,43.95,16741574,dollars per short ton,short tons
2018,WV,West Virginia,CAP,Captive,43,12996782,dollars per short ton,short tons
2017,WV,West Virginia,CAP,Captive,49.28,10402146,dollars per short ton,short tons
2016,WV,West Virginia,CAP,Captive,48.13,10543203,dollars per short ton,short tons
2015,WV,West Virginia,CAP,Captive,56.42,8384722,dollars per short ton,short tons
2014,WV,West Virginia,CAP,Captive,57.96,7463278,dollars per short ton,short tons
2013,WV,West Virginia,CAP,Captive,w,2227409,dollars per short ton,short tons
2012,WV,West Virginia,CAP,Captive,83.15,25482825,dollars per short ton,short tons
2011,WV,West Virginia,CAP,Captive,w,6389958,dollars per short ton,short tons
2010,WV,West Virginia,CAP,Captive,74.73,17427907,dollars per short ton,short tons
2009,WV,West Virginia,CAP,Captive,70.05,14585117,dollars per short ton,short tons
2008,WV,West Virginia,CAP,Captive,67.68,20745758,dollars per short ton,short tons
2007,WV,West Virginia,CAP,Captive,52.78,14428163,dollars per short ton,short tons
2006,WV,West Virginia,CAP,Captive,52.79,16736687,dollars per short ton,short tons
2005,WV,West Virginia,CAP,Captive,48.53,13803643,dollars per short ton,short tons
2004,WV,West Virginia,CAP,Captive,38.25,11217537,dollars per short ton,short tons
2003,WV,West Virginia,CAP,Captive,30.36,10026295,dollars per short ton,short tons
2002,WV,West Virginia,CAP,Captive,33.83,5912242,dollars per short ton,short tons
2001,WV,West Virginia,CAP,Captive,29.67,6715625,dollars per short ton,short tons
2023,VA,Virginia,OM,Open Market,w,3108436,dollars per short ton,short tons
2022,VA,Virginia,OM,Open Market,w,3477658,dollars per short ton,short tons
2021,VA,Virginia,OM,Open Market,w,3129779,dollars per short ton,short tons
2020,VA,Virginia,OM,Open Market,85.59,3429839,dollars per short ton,short tons
2019,VA,Virginia,OM,Open Market,w,5307287,dollars per short ton,short tons
2018,VA,Virginia,OM,Open Market,w,5555596,dollars per short ton,short tons
2017,VA,Virginia,OM,Open Market,w,6203815,dollars per short ton,short tons
2016,VA,Virginia,OM,Open Market,w,6312583,dollars per short ton,short tons
2015,VA,Virginia,OM,Open Market,w,6688069,dollars per short ton,short tons
2014,VA,Virginia,OM,Open Market,w,8189533,dollars per short ton,short tons
2013,VA,Virginia,OM,Open Market,w,8527551,dollars per short ton,short tons
2012,VA,Virginia,OM,Open Market,112.1,6359120,dollars per short ton,short tons
2011,VA,Virginia,OM,Open Market,98.63,8594589,dollars per short ton,short tons
2010,VA,Virginia,OM,Open Market,96.15,14955433,dollars per short ton,short tons
2009,VA,Virginia,OM,Open Market,72.67,14452688,dollars per short ton,short tons
2008,VA,Virginia,OM,Open Market,81.12,15821064,dollars per short ton,short tons
2007,VA,Virginia,OM,Open Market,52.89,17788756,dollars per short ton,short tons
2006,VA,Virginia,OM,Open Market,52.99,20822984,dollars per short ton,short tons
2005,VA,Virginia,OM,Open Market,47.97,18662423,dollars per short ton,short tons
2004,VA,Virginia,OM,Open Market,38.51,21206088,dollars per short ton,short tons
2003,VA,Virginia,OM,Open Market,30.3,23920167,dollars per short ton,short tons
2002,VA,Virginia,OM,Open Market,31.09,28399103,dollars per short ton,short tons
2001,VA,Virginia,OM,Open Market,28.72,30860939,dollars per short ton,short tons
2023,VA,Virginia,CAP,Captive,w,66437,dollars per short ton,short tons
2022,VA,Virginia,CAP,Captive,w,2676,dollars per short ton,short tons
2021,VA,Virginia,CAP,Captive,w,496056,dollars per short ton,short tons
2019,VA,Virginia,CAP,Captive,w,51526,dollars per short ton,short tons
2018,VA,Virginia,CAP,Captive,w,53722,dollars per short ton,short tons
2017,VA,Virginia,CAP,Captive,w,210784,dollars per short ton,short tons
2016,VA,Virginia,CAP,Captive,w,708601,dollars per short ton,short tons
2015,VA,Virginia,CAP,Captive,w,331498,dollars per short ton,short tons
2014,VA,Virginia,CAP,Captive,w,155857,dollars per short ton,short tons
2013,VA,Virginia,CAP,Captive,w,733031,dollars per short ton,short tons
2012,VA,Virginia,CAP,Captive,98.48,3603761,dollars per short ton,short tons
2011,VA,Virginia,CAP,Captive,w,2652965,dollars per short ton,short tons
2010,VA,Virginia,CAP,Captive,103.23,7259241,dollars per short ton,short tons
2009,VA,Virginia,CAP,Captive,86.9,6507439,dollars per short ton,short tons
2008,VA,Virginia,CAP,Captive,91.76,7583867,dollars per short ton,short tons
2007,VA,Virginia,CAP,Captive,60.83,8048176,dollars per short ton,short tons
2006,VA,Virginia,CAP,Captive,57.84,8307172,dollars per short ton,short tons
2005,VA,Virginia,CAP,Captive,52.38,9210306,dollars per short ton,short tons
2004,VA,Virginia,CAP,Captive,41.51,9730939,dollars per short ton,short tons
2003,VA,Virginia,CAP,Captive,31.46,7852916,dollars per short ton,short tons
2002,VA,Virginia,CAP,Captive,w,1238154,dollars per short ton,short tons
2001,VA,Virginia,CAP,Captive,w,1910062,dollars per short ton,short tons
2023,MD,Maryland,OM,Open Market,97.04,1066006,dollars per short ton,short tons
2022,MD,Maryland,OM,Open Market,66.85,1382209,dollars per short ton,short tons
2021,MD,Maryland,OM,Open Market,56.94,1184879,dollars per short ton,short tons
2020,MD,Maryland,OM,Open Market,59.36,816333,dollars per short ton,short tons
2019,MD,Maryland,OM,Open Market,63.64,1101235,dollars per short ton,short tons
2018,MD,Maryland,OM,Open Market,59.8,1199957,dollars per short ton,short tons
2017,MD,Maryland,OM,Open Market,53.35,1474453,dollars per short ton,short tons
2016,MD,Maryland,OM,Open Market,52.96,1429539,dollars per short ton,short tons
2015,MD,Maryland,OM,Open Market,48.34,1741450,dollars per short ton,short tons
2014,MD,Maryland,OM,Open Market,48.59,1877173,dollars per short ton,short tons
2013,MD,Maryland,OM,Open Market,48.67,1856197,dollars per short ton,short tons
2012,MD,Maryland,OM,Open Market,47.83,2023748,dollars per short ton,short tons
2011,MD,Maryland,OM,Open Market,43,2541825,dollars per short ton,short tons
2010,MD,Maryland,OM,Open Market,48.73,w,dollars per short ton,short tons
2009,MD,Maryland,OM,Open Market,37.65,2413324,dollars per short ton,short tons
2008,MD,Maryland,OM,Open Market,42.19,2928964,dollars per short ton,short tons
2007,MD,Maryland,OM,Open Market,33.02,2178907,dollars per short ton,short tons
2006,MD,Maryland,OM,Open Market,30.63,4556671,dollars per short ton,short tons
2005,MD,Maryland,OM,Open Market,28.55,w,dollars per short ton,short tons
2004,MD,Maryland,OM,Open Market,24.58,w,dollars per short ton,short tons
2003,MD,Maryland,OM,Open Market,w,5192232,dollars per short ton,short tons
2002,MD,Maryland,OM,Open Market,w,w,dollars per short ton,short tons
2001,MD,Maryland,OM,Open Market,23.83,w,dollars per short ton,short tons
2023,SAT,South Atlantic,OM,Open Market,97.86,51845035,dollars per short ton,short tons
2022,SAT,South Atlantic,OM,Open Market,82.76,58599110,dollars per short ton,short tons
2021,SAT,South Atlantic,OM,Open Market,58.18,56883258,dollars per short ton,short tons
2020,SAT,South Atlantic,OM,Open Market,60.5,42193918,dollars per short ton,short tons
2019,SAT,South Atlantic,OM,Open Market,70.74,52033350,dollars per short ton,short tons
2018,SAT,South Atlantic,OM,Open Market,65.72,56786620,dollars per short ton,short tons
2017,SAT,South Atlantic,OM,Open Market,61,61578941,dollars per short ton,short tons
2016,SAT,South Atlantic,OM,Open Market,55.82,57730093,dollars per short ton,short tons
2015,SAT,South Atlantic,OM,Open Market,60.58,68505511,dollars per short ton,short tons
2014,SAT,South Atlantic,OM,Open Market,66.74,84381774,dollars per short ton,short tons
2013,SAT,South Atlantic,OM,Open Market,70.32,91924487,dollars per short ton,short tons
2012,SAT,South Atlantic,OM,Open Market,75.99,75141332,dollars per short ton,short tons
2011,SAT,South Atlantic,OM,Open Market,74.97,109935528,dollars per short ton,short tons
2010,SAT,South Atlantic,OM,Open Market,71.91,135629700,dollars per short ton,short tons
2009,SAT,South Atlantic,OM,Open Market,63.63,136360435,dollars per short ton,short tons
2008,SAT,South Atlantic,OM,Open Market,60.94,156727132,dollars per short ton,short tons
2007,SAT,South Atlantic,OM,Open Market,48.02,158705815,dollars per short ton,short tons
2006,SAT,South Atlantic,OM,Open Market,46.42,161940041,dollars per short ton,short tons
2005,SAT,South Atlantic,OM,Open Market,42.37,164065791,dollars per short ton,short tons
2004,SAT,South Atlantic,OM,Open Market,35.46,162548461,dollars per short ton,short tons
2003,SAT,South Atlantic,OM,Open Market,29.82,159163493,dollars per short ton,short tons
2002,SAT,South Atlantic,OM,Open Market,29.66,175773437,dollars per short ton,short tons
2001,SAT,South Atlantic,OM,Open Market,27.24,189716333,dollars per short ton,short tons
2023,SAT,South Atlantic,CAP,Captive,165.38,415954,dollars per short ton,short tons
2022,SAT,South Atlantic,CAP,Captive,126.81,967415,dollars per short ton,short tons
2021,SAT,South Atlantic,CAP,Captive,147.74,1623954,dollars per short ton,short tons
2020,SAT,South Atlantic,CAP,Captive,40.54,6528503,dollars per short ton,short tons
2019,SAT,South Atlantic,CAP,Captive,44.13,16793100,dollars per short ton,short tons
2018,SAT,South Atlantic,CAP,Captive,43.2,13050504,dollars per short ton,short tons
2017,SAT,South Atlantic,CAP,Captive,48.91,10612930,dollars per short ton,short tons
2016,SAT,South Atlantic,CAP,Captive,46.98,11251804,dollars per short ton,short tons
2015,SAT,South Atlantic,CAP,Captive,56.53,8716220,dollars per short ton,short tons
2014,SAT,South Atlantic,CAP,Captive,58.1,7619135,dollars per short ton,short tons
2013,SAT,South Atlantic,CAP,Captive,78.53,2960440,dollars per short ton,short tons
2012,SAT,South Atlantic,CAP,Captive,85.05,29086586,dollars per short ton,short tons
2011,SAT,South Atlantic,CAP,Captive,86.14,9042923,dollars per short ton,short tons
2010,SAT,South Atlantic,CAP,Captive,82.88,24756601,dollars per short ton,short tons
2009,SAT,South Atlantic,CAP,Captive,75.25,21092556,dollars per short ton,short tons
2008,SAT,South Atlantic,CAP,Captive,74.13,28329625,dollars per short ton,short tons
2007,SAT,South Atlantic,CAP,Captive,55.66,22476339,dollars per short ton,short tons
2006,SAT,South Atlantic,CAP,Captive,54.47,25043859,dollars per short ton,short tons
2005,SAT,South Atlantic,CAP,Captive,50.02,23381802,dollars per short ton,short tons
2004,SAT,South Atlantic,CAP,Captive,39.78,21078279,dollars per short ton,short tons
2003,SAT,South Atlantic,CAP,Captive,30.84,17879211,dollars per short ton,short tons
2002,SAT,South Atlantic,CAP,Captive,31.52,7524433,dollars per short ton,short tons
2001,SAT,South Atlantic,CAP,Captive,27.61,9172245,dollars per short ton,short tons
2023,WNC,West North Central,OM,Open Market,23.58,24167631,dollars per short ton,short tons
2022,WNC,West North Central,OM,Open Market,20.73,26718503,dollars per short ton,short tons
2021,WNC,West North Central,OM,Open Market,19.05,26845955,dollars per short ton,short tons
2020,WNC,West North Central,OM,Open Market,19.68,26565481,dollars per short ton,short tons
2019,WNC,West North Central,OM,Open Market,19.17,27342241,dollars per short ton,short tons
2018,WNC,West North Central,OM,Open Market,17.89,25695341,dollars per short ton,short tons
2017,WNC,West North Central,OM,Open Market,18.47,24734093,dollars per short ton,short tons
2016,WNC,West North Central,OM,Open Market,18.2,24054798,dollars per short ton,short tons
2015,WNC,West North Central,OM,Open Market,17.77,24965028,dollars per short ton,short tons
2014,WNC,West North Central,OM,Open Market,18.34,25200531,dollars per short ton,short tons
2013,WNC,West North Central,OM,Open Market,18.63,24502978,dollars per short ton,short tons
2012,WNC,West North Central,OM,Open Market,18.48,23867298,dollars per short ton,short tons
2011,WNC,West North Central,OM,Open Market,16.9,24500198,dollars per short ton,short tons
2010,WNC,West North Central,OM,Open Market,15.62,25725507,dollars per short ton,short tons
2009,WNC,West North Central,OM,Open Market,13.9,26421496,dollars per short ton,short tons
2008,WNC,West North Central,OM,Open Market,13.81,25801004,dollars per short ton,short tons
2007,WNC,West North Central,OM,Open Market,12.16,26426155,dollars per short ton,short tons
2006,WNC,West North Central,OM,Open Market,11.41,27090716,dollars per short ton,short tons
2005,WNC,West North Central,OM,Open Market,11.09,26397538,dollars per short ton,short tons
2004,WNC,West North Central,OM,Open Market,10.16,26472544,dollars per short ton,short tons
2003,WNC,West North Central,OM,Open Market,9.09,31806093,dollars per short ton,short tons
2002,WNC,West North Central,OM,Open Market,8.72,31456093,dollars per short ton,short tons
2001,WNC,West North Central,OM,Open Market,8.79,30637380,dollars per short ton,short tons
2023,OH,Ohio,OM,Open Market,63.74,1730351,dollars per short ton,short tons
2022,OH,Ohio,OM,Open Market,52.95,2492068,dollars per short ton,short tons
2021,OH,Ohio,OM,Open Market,38.19,2722134,dollars per short ton,short tons
2020,OH,Ohio,OM,Open Market,w,3465996,dollars per short ton,short tons
2019,OH,Ohio,OM,Open Market,w,6777623,dollars per short ton,short tons
2018,OH,Ohio,OM,Open Market,w,7328991,dollars per short ton,short tons
2017,OH,Ohio,OM,Open Market,w,6737947,dollars per short ton,short tons
2016,OH,Ohio,OM,Open Market,47.11,6999758,dollars per short ton,short tons
2015,OH,Ohio,OM,Open Market,w,9719108,dollars per short ton,short tons
2014,OH,Ohio,OM,Open Market,w,20078067,dollars per short ton,short tons
2013,OH,Ohio,OM,Open Market,w,23375009,dollars per short ton,short tons
2012,OH,Ohio,OM,Open Market,w,w,dollars per short ton,short tons
2011,OH,Ohio,OM,Open Market,46.58,w,dollars per short ton,short tons
2010,OH,Ohio,OM,Open Market,43.32,26061054,dollars per short ton,short tons
2009,OH,Ohio,OM,Open Market,44.81,24860252,dollars per short ton,short tons
2008,OH,Ohio,OM,Open Market,41.86,24538438,dollars per short ton,short tons
2007,OH,Ohio,OM,Open Market,28.79,21908537,dollars per short ton,short tons
2006,OH,Ohio,OM,Open Market,27.4,21026364,dollars per short ton,short tons
2005,OH,Ohio,OM,Open Market,26.88,22782613,dollars per short ton,short tons
2004,OH,Ohio,OM,Open Market,23.82,21308979,dollars per short ton,short tons
2003,OH,Ohio,OM,Open Market,22.1,20853975,dollars per short ton,short tons
2002,OH,Ohio,OM,Open Market,21.44,18482370,dollars per short ton,short tons
2001,OH,Ohio,OM,Open Market,21.48,21149960,dollars per short ton,short tons
2023,IN,Indiana,OM,Open Market,69.1,11241475,dollars per short ton,short tons
2022,IN,Indiana,OM,Open Market,55.1,10982592,dollars per short ton,short tons
2021,IN,Indiana,OM,Open Market,w,8901677,dollars per short ton,short tons
2020,IN,Indiana,OM,Open Market,40.57,10585557,dollars per short ton,short tons
2019,IN,Indiana,OM,Open Market,39.51,16096960,dollars per short ton,short tons
2018,IN,Indiana,OM,Open Market,39.35,16887926,dollars per short ton,short tons
2017,IN,Indiana,OM,Open Market,42.47,17476582,dollars per short ton,short tons
2016,IN,Indiana,OM,Open Market,45.79,16681601,dollars per short ton,short tons
2015,IN,Indiana,OM,Open Market,47.08,21548384,dollars per short ton,short tons
2014,IN,Indiana,OM,Open Market,49.61,22945800,dollars per short ton,short tons
2013,IN,Indiana,OM,Open Market,49.3,20275943,dollars per short ton,short tons
2012,IN,Indiana,OM,Open Market,49.16,17126638,dollars per short ton,short tons
2011,IN,Indiana,OM,Open Market,44.62,19193856,dollars per short ton,short tons
2010,IN,Indiana,OM,Open Market,41.59,19004518,dollars per short ton,short tons
2009,IN,Indiana,OM,Open Market,37.03,25183071,dollars per short ton,short tons
2008,IN,Indiana,OM,Open Market,33.37,26150914,dollars per short ton,short tons
2007,IN,Indiana,OM,Open Market,28.79,30556394,dollars per short ton,short tons
2006,IN,Indiana,OM,Open Market,27.27,27605911,dollars per short ton,short tons
2005,IN,Indiana,OM,Open Market,25.31,30320356,dollars per short ton,short tons
2004,IN,Indiana,OM,Open Market,23.27,32699919,dollars per short ton,short tons
2003,IN,Indiana,OM,Open Market,22.48,32590495,dollars per short ton,short tons
2002,IN,Indiana,OM,Open Market,22.2,w,dollars per short ton,short tons
2001,IN,Indiana,OM,Open Market,20.67,w,dollars per short ton,short tons
