eia_market_sales_price.csv
period,stateRegionId,stateRegionDescription,marketTypeId,marketTypeDescription,price,sales,price-units,sales-units
2023,IN,Indiana,CAP,Captive,52.9,9424716,dollars per short ton,short tons
2022,IN,Indiana,CAP,Captive,56.82,10708078,dollars per short ton,short tons
2021,IN,Indiana,CAP,Captive,w,9826487,dollars per short ton,short tons
2020,IN,Indiana,CAP,Captive,40.71,9989273,dollars per short ton,short tons
2019,IN,Indiana,CAP,Captive,43.27,11619583,dollars per short ton,short tons
2018,IN,Indiana,CAP,Captive,43.12,13712830,dollars per short ton,short tons
2017,IN,Indiana,CAP,Captive,42.45,12415501,dollars per short ton,short tons
2016,IN,Indiana,CAP,Captive,43.14,12592720,dollars per short ton,short tons
2015,IN,Indiana,CAP,Captive,44.56,13175204,dollars per short ton,short tons
2014,IN,Indiana,CAP,Captive,46.73,15470413,dollars per short ton,short tons
2013,IN,Indiana,CAP,Captive,51.7,18459627,dollars per short ton,short tons
2012,IN,Indiana,CAP,Captive,54.5,18404457,dollars per short ton,short tons
2011,IN,Indiana,CAP,Captive,51.44,17993260,dollars per short ton,short tons
2010,IN,Indiana,CAP,Captive,44.81,15428414,dollars per short ton,short tons
2009,IN,Indiana,CAP,Captive,42.52,11013377,dollars per short ton,short tons
2008,IN,Indiana,CAP,Captive,38.81,10680475,dollars per short ton,short tons
2007,IN,Indiana,CAP,Captive,34.83,6226727,dollars per short ton,short tons
2006,IN,Indiana,CAP,Captive,36.35,7077468,dollars per short ton,short tons
2005,IN,Indiana,CAP,Captive,27.33,4292957,dollars per short ton,short tons
2004,IN,Indiana,CAP,Captive,22.75,2283202,dollars per short ton,short tons
2003,IN,Indiana,CAP,Captive,20.84,2678556,dollars per short ton,short tons
2002,IN,Indiana,CAP,Captive,w,w,dollars per short ton,short tons
2001,IN,Indiana,CAP,Captive,w,w,dollars per short ton,short tons
2023,IL,Illinois,OM,Open Market,w,19733596,dollars per short ton,short tons
2022,IL,Illinois,OM,Open Market,w,19772980,dollars per short ton,short tons
2021,IL,Illinois,OM,Open Market,w,19878914,dollars per short ton,short tons
2020,IL,Illinois,OM,Open Market,w,18240217,dollars per short ton,short tons
2019,IL,Illinois,OM,Open Market,w,31046349,dollars per short ton,short tons
2018,IL,Illinois,OM,Open Market,w,30931545,dollars per short ton,short tons
2017,IL,Illinois,OM,Open Market,w,34699282,dollars per short ton,short tons
2016,IL,Illinois,OM,Open Market,w,35230769,dollars per short ton,short tons
2015,IL,Illinois,OM,Open Market,w,36491351,dollars per short ton,short tons
2014,IL,Illinois,OM,Open Market,w,39533123,dollars per short ton,short tons
2013,IL,Illinois,OM,Open Market,w,34267410,dollars per short ton,short tons
2012,IL,Illinois,OM,Open Market,49.04,29251572,dollars per short ton,short tons
2011,IL,Illinois,OM,Open Market,46.81,w,dollars per short ton,short tons
2010,IL,Illinois,OM,Open Market,48.22,w,dollars per short ton,short tons
2009,IL,Illinois,OM,Open Market,47.2,26059384,dollars per short ton,short tons
2008,IL,Illinois,OM,Open Market,40.41,27079930,dollars per short ton,short tons
2007,IL,Illinois,OM,Open Market,33.6,29830407,dollars per short ton,short tons
2006,IL,Illinois,OM,Open Market,31.17,29259475,dollars per short ton,short tons
2005,IL,Illinois,OM,Open Market,29.67,28376820,dollars per short ton,short tons
2004,IL,Illinois,OM,Open Market,25.72,32181337,dollars per short ton,short tons
2003,IL,Illinois,OM,Open Market,24.13,w,dollars per short ton,short tons
2002,IL,Illinois,OM,Open Market,24.04,w,dollars per short ton,short tons
2001,IL,Illinois,OM,Open Market,23.52,34055827,dollars per short ton,short tons
2023,ENC,East North Central,OM,Open Market,55.17,32705422,dollars per short ton,short tons
2022,ENC,East North Central,OM,Open Market,43.71,33247640,dollars per short ton,short tons
2021,ENC,East North Central,OM,Open Market,38.47,31502725,dollars per short ton,short tons
2020,ENC,East North Central,OM,Open Market,31.33,32291770,dollars per short ton,short tons
2019,ENC,East North Central,OM,Open Market,36.59,53920932,dollars per short ton,short tons
2018,ENC,East North Central,OM,Open Market,36.95,55148462,dollars per short ton,short tons
2017,ENC,East North Central,OM,Open Market,38.31,58913811,dollars per short ton,short tons
2016,ENC,East North Central,OM,Open Market,41.28,58912128,dollars per short ton,short tons
2015,ENC,East North Central,OM,Open Market,44.42,67758843,dollars per short ton,short tons
2014,ENC,East North Central,OM,Open Market,47.13,82556990,dollars per short ton,short tons
2013,ENC,East North Central,OM,Open Market,47.06,77918362,dollars per short ton,short tons
2012,ENC,East North Central,OM,Open Market,48.77,71171742,dollars per short ton,short tons
2011,ENC,East North Central,OM,Open Market,46.17,74403296,dollars per short ton,short tons
2010,ENC,East North Central,OM,Open Market,44.73,72578686,dollars per short ton,short tons
2009,ENC,East North Central,OM,Open Market,43.05,76102707,dollars per short ton,short tons
2008,ENC,East North Central,OM,Open Market,38.5,77769282,dollars per short ton,short tons
2007,ENC,East North Central,OM,Open Market,30.53,82295338,dollars per short ton,short tons
2006,ENC,East North Central,OM,Open Market,28.77,77891750,dollars per short ton,short tons
2005,ENC,East North Central,OM,Open Market,27.27,81479789,dollars per short ton,short tons
2004,ENC,East North Central,OM,Open Market,24.32,86190235,dollars per short ton,short tons
2003,ENC,East North Central,OM,Open Market,22.99,84706473,dollars per short ton,short tons
2002,ENC,East North Central,OM,Open Market,22.74,86044205,dollars per short ton,short tons
2001,ENC,East North Central,OM,Open Market,21.92,91354202,dollars per short ton,short tons
2023,ENC,East North Central,CAP,Captive,44.47,18507428,dollars per short ton,short tons
2022,ENC,East North Central,CAP,Captive,44.62,19563980,dollars per short ton,short tons
2021,ENC,East North Central,CAP,Captive,34.58,18375425,dollars per short ton,short tons
2020,ENC,East North Central,CAP,Captive,33.22,18511339,dollars per short ton,short tons
2019,ENC,East North Central,CAP,Captive,41.76,16535744,dollars per short ton,short tons
2018,ENC,East North Central,CAP,Captive,42.33,19392548,dollars per short ton,short tons
2017,ENC,East North Central,CAP,Captive,41.97,18111132,dollars per short ton,short tons
2016,ENC,East North Central,CAP,Captive,42.82,21761618,dollars per short ton,short tons
2015,ENC,East North Central,CAP,Captive,40.41,30783677,dollars per short ton,short tons
2014,ENC,East North Central,CAP,Captive,46.63,23699276,dollars per short ton,short tons
2013,ENC,East North Central,CAP,Captive,50.8,26453278,dollars per short ton,short tons
2012,ENC,East North Central,CAP,Captive,53.7,25340861,dollars per short ton,short tons
2011,ENC,East North Central,CAP,Captive,52.49,23389662,dollars per short ton,short tons
2010,ENC,East North Central,CAP,Captive,47.33,22440689,dollars per short ton,short tons
2009,ENC,East North Central,CAP,Captive,45.25,18843151,dollars per short ton,short tons
2008,ENC,East North Central,CAP,Captive,38.71,17878646,dollars per short ton,short tons
2007,ENC,East North Central,CAP,Captive,33.65,10655074,dollars per short ton,short tons
2006,ENC,East North Central,CAP,Captive,35.33,10848153,dollars per short ton,short tons
2005,ENC,East North Central,CAP,Captive,25.02,8887447,dollars per short ton,short tons
2004,ENC,East North Central,CAP,Captive,21.32,3512984,dollars per short ton,short tons
2003,ENC,East North Central,CAP,Captive,20.63,4048497,dollars per short ton,short tons
2002,ENC,East North Central,CAP,Captive,21.75,3262972,dollars per short ton,short tons
2001,ENC,East North Central,CAP,Captive,64.41,4957593,dollars per short ton,short tons
2023,PA,Pennsylvania,OM,Open Market,w,22190180,dollars per short ton,short tons
2022,PA,Pennsylvania,OM,Open Market,w,25141773,dollars per short ton,short tons
2021,PA,Pennsylvania,OM,Open Market,w,27900388,dollars per short ton,short tons
2020,PA,Pennsylvania,OM,Open Market,w,25259631,dollars per short ton,short tons
2019,PA,Pennsylvania,OM,Open Market,w,34799695,dollars per short ton,short tons
2018,PA,Pennsylvania,OM,Open Market,w,36245354,dollars per short ton,short tons
2017,PA,Pennsylvania,OM,Open Market,w,35362370,dollars per short ton,short tons
2016,PA,Pennsylvania,OM,Open Market,w,36067709,dollars per short ton,short tons
2015,PA,Pennsylvania,OM,Open Market,w,39238670,dollars per short ton,short tons
2014,PA,Pennsylvania,OM,Open Market,w,51782639,dollars per short ton,short tons
2013,PA,Pennsylvania,OM,Open Market,w,43281837,dollars per short ton,short tons
2012,PA,Pennsylvania,OM,Open Market,68.54,27907457,dollars per short ton,short tons
2011,PA,Pennsylvania,OM,Open Market,65.89,41353638,dollars per short ton,short tons
2010,PA,Pennsylvania,OM,Open Market,61.42,55739371,dollars per short ton,short tons
2009,PA,Pennsylvania,OM,Open Market,54.98,53310667,dollars per short ton,short tons
2008,PA,Pennsylvania,OM,Open Market,49.65,62862017,dollars per short ton,short tons
2007,PA,Pennsylvania,OM,Open Market,39.3,62525513,dollars per short ton,short tons
2006,PA,Pennsylvania,OM,Open Market,37.42,63689696,dollars per short ton,short tons
2005,PA,Pennsylvania,OM,Open Market,36.39,64797798,dollars per short ton,short tons
2004,PA,Pennsylvania,OM,Open Market,30.77,62685613,dollars per short ton,short tons
2003,PA,Pennsylvania,OM,Open Market,26.75,63515663,dollars per short ton,short tons
2002,PA,Pennsylvania,OM,Open Market,25.87,66931530,dollars per short ton,short tons
2001,PA,Pennsylvania,OM,Open Market,25.07,72174716,dollars per short ton,short tons
2023,MAT,Middle Atlantic,OM,Open Market,83.66,22190180,dollars per short ton,short tons
2022,MAT,Middle Atlantic,OM,Open Market,77.75,25141773,dollars per short ton,short tons
2021,MAT,Middle Atlantic,OM,Open Market,57.26,27900388,dollars per short ton,short tons
2020,MAT,Middle Atlantic,OM,Open Market,55.75,25259631,dollars per short ton,short tons
2019,MAT,Middle Atlantic,OM,Open Market,57.39,34799695,dollars per short ton,short tons
2018,MAT,Middle Atlantic,OM,Open Market,58.47,36245354,dollars per short ton,short tons
2017,MAT,Middle Atlantic,OM,Open Market,54.92,35362370,dollars per short ton,short tons
2016,MAT,Middle Atlantic,OM,Open Market,50.27,36067709,dollars per short ton,short tons
2015,MAT,Middle Atlantic,OM,Open Market,60.16,39238670,dollars per short ton,short tons
2014,MAT,Middle Atlantic,OM,Open Market,61.06,51782639,dollars per short ton,short tons
2013,MAT,Middle Atlantic,OM,Open Market,66.26,43281837,dollars per short ton,short tons
2012,MAT,Middle Atlantic,OM,Open Market,68.54,27907457,dollars per short ton,short tons
2011,MAT,Middle Atlantic,OM,Open Market,65.89,41353638,dollars per short ton,short tons
2010,MAT,Middle Atlantic,OM,Open Market,61.42,55739371,dollars per short ton,short tons
2009,MAT,Middle Atlantic,OM,Open Market,54.98,53310667,dollars per short ton,short tons
2008,MAT,Middle Atlantic,OM,Open Market,49.65,62862017,dollars per short ton,short tons
2007,MAT,Middle Atlantic,OM,Open Market,39.3,62525513,dollars per short ton,short tons
2006,MAT,Middle Atlantic,OM,Open Market,37.42,63689696,dollars per short ton,short tons
2005,MAT,Middle Atlantic,OM,Open Market,36.39,64797798,dollars per short ton,short tons
2004,MAT,Middle Atlantic,OM,Open Market,30.77,62685613,dollars per short ton,short tons
2003,MAT,Middle Atlantic,OM,Open Market,26.75,63515663,dollars per short ton,short tons
2002,MAT,Middle Atlantic,OM,Open Market,25.87,66931530,dollars per short ton,short tons
2001,MAT,Middle Atlantic,OM,Open Market,25.07,72174716,dollars per short ton,short tons
2023,MAT,Middle Atlantic,CAP,Captive,61.4,410985,dollars per short ton,short tons
2022,MAT,Middle Atlantic,CAP,Captive,52.15,535433,dollars per short ton,short tons
2021,MAT,Middle Atlantic,CAP,Captive,45.01,461326,dollars per short ton,short tons
2020,MAT,Middle Atlantic,CAP,Captive,43.67,1499230,dollars per short ton,short tons
2019,MAT,Middle Atlantic,CAP,Captive,56.76,3867860,dollars per short ton,short tons
2018,MAT,Middle Atlantic,CAP,Captive,52.87,1229948,dollars per short ton,short tons
2017,MAT,Middle Atlantic,CAP,Captive,54.71,2489707,dollars per short ton,short tons
2016,MAT,Middle Atlantic,CAP,Captive,47.73,3330973,dollars per short ton,short tons
2015,MAT,Middle Atlantic,CAP,Captive,51.17,3226248,dollars per short ton,short tons
2014,MAT,Middle Atlantic,CAP,Captive,67.47,2706359,dollars per short ton,short tons
2013,MAT,Middle Atlantic,CAP,Captive,62.64,2317654,dollars per short ton,short tons
2012,MAT,Middle Atlantic,CAP,Captive,67.74,14679907,dollars per short ton,short tons
2011,MAT,Middle Atlantic,CAP,Captive,94.61,4181540,dollars per short ton,short tons
2010,MAT,Middle Atlantic,CAP,Captive,77.96,3915655,dollars per short ton,short tons
2009,MAT,Middle Atlantic,CAP,Captive,60.98,4874035,dollars per short ton,short tons
2008,MAT,Middle Atlantic,CAP,Captive,68.13,4078987,dollars per short ton,short tons
2007,MAT,Middle Atlantic,CAP,Captive,54.29,2964873,dollars per short ton,short tons
2006,MAT,Middle Atlantic,CAP,Captive,53.37,2822710,dollars per short ton,short tons
2005,MAT,Middle Atlantic,CAP,Captive,39.37,3310622,dollars per short ton,short tons
2004,MAT,Middle Atlantic,CAP,Captive,30.3,3021621,dollars per short ton,short tons
2003,MAT,Middle Atlantic,CAP,Captive,22.52,627100,dollars per short ton,short tons
2002,MAT,Middle Atlantic,CAP,Captive,23.05,1199026,dollars per short ton,short tons
2001,MAT,Middle Atlantic,CAP,Captive,23.13,909860,dollars per short ton,short tons
2023,US,U.S. Total,OM,Open Market,44.17,337739600,dollars per short ton,short tons
2022,US,U.S. Total,OM,Open Market,39.85,373642378,dollars per short ton,short tons
2021,US,U.S. Total,OM,Open Market,31.76,358362209,dollars per short ton,short tons
2020,US,U.S. Total,OM,Open Market,31.44,325015612,dollars per short ton,short tons
2019,US,U.S. Total,OM,Open Market,33.45,425341385,dollars per short ton,short tons
2018,US,U.S. Total,OM,Open Market,32.69,454916183,dollars per short ton,short tons
2017,US,U.S. Total,OM,Open Market,31.8,477460076,dollars per short ton,short tons
2016,US,U.S. Total,OM,Open Market,31.14,475243982,dollars per short ton,short tons
2015,US,U.S. Total,OM,Open Market,32.71,596199383,dollars per short ton,short tons
2014,US,U.S. Total,OM,Open Market,35.72,674914732,dollars per short ton,short tons
2013,US,U.S. Total,OM,Open Market,37.29,668187200,dollars per short ton,short tons
2012,US,U.S. Total,OM,Open Market,38.11,618027906,dollars per short ton,short tons
2011,US,U.S. Total,OM,Open Market,38.23,789101776,dollars per short ton,short tons
2010,US,U.S. Total,OM,Open Market,37.61,845112048,dollars per short ton,short tons
2009,US,U.S. Total,OM,Open Market,34.74,854802696,dollars per short ton,short tons
2008,US,U.S. Total,OM,Open Market,32.05,961842509,dollars per short ton,short tons
2007,US,U.S. Total,OM,Open Market,26.2,983769689,dollars per short ton,short tons
2006,US,U.S. Total,OM,Open Market,25.16,978665143,dollars per short ton,short tons
2005,US,U.S. Total,OM,Open Market,23.59,995799464,dollars per short ton,short tons
2004,US,U.S. Total,OM,Open Market,19.93,1006807169,dollars per short ton,short tons
2003,US,U.S. Total,OM,Open Market,17.85,981510779,dollars per short ton,short tons
2002,US,U.S. Total,OM,Open Market,17.98,1003161015,dollars per short ton,short tons
2001,US,U.S. Total,OM,Open Market,17.38,1036955162,dollars per short ton,short tons
2023,US,U.S. Total,CAP,Captive,27.69,141724538,dollars per short ton,short tons
2022,US,U.S. Total,CAP,Captive,27.2,139346601,dollars per short ton,short tons
2021,US,U.S. Total,CAP,Captive,20.64,145938720,dollars per short ton,short tons
2020,US,U.S. Total,CAP,Captive,19.1,152397966,dollars per short ton,short tons
2019,US,U.S. Total,CAP,Captive,22.18,189490389,dollars per short ton,short tons
2018,US,U.S. Total,CAP,Captive,20.77,200240222,dollars per short ton,short tons
2017,US,U.S. Total,CAP,Captive,20.6,211575969,dollars per short ton,short tons
2016,US,U.S. Total,CAP,Captive,22.58,210159308,dollars per short ton,short tons
2015,US,U.S. Total,CAP,Captive,22.76,234298536,dollars per short ton,short tons
2014,US,U.S. Total,CAP,Captive,22.45,240032214,dollars per short ton,short tons
2013,US,U.S. Total,CAP,Captive,22.72,229679083,dollars per short ton,short tons
2012,US,U.S. Total,CAP,Captive,29.9,305165332,dollars per short ton,short tons
2011,US,U.S. Total,CAP,Captive,24.43,232830183,dollars per short ton,short tons
2010,US,U.S. Total,CAP,Captive,28.49,237602135,dollars per short ton,short tons
2009,US,U.S. Total,CAP,Captive,27.06,207170126,dollars per short ton,short tons
2008,US,U.S. Total,CAP,Captive,27.55,207733675,dollars per short ton,short tons
2007,US,U.S. Total,CAP,Captive,23.57,162853771,dollars per short ton,short tons
2006,US,U.S. Total,CAP,Captive,21.62,175406277,dollars per short ton,short tons
2005,US,U.S. Total,CAP,Captive,21.52,136590795,dollars per short ton,short tons
2004,US,U.S. Total,CAP,Captive,21.46,102376566,dollars per short ton,short tons
2003,US,U.S. Total,CAP,Captive,18.7,92495408,dollars per short ton,short tons
2002,US,U.S. Total,CAP,Captive,16.85,86401233,dollars per short ton,short tons
2001,US,U.S. Total,CAP,Captive,20.01,84930177,dollars per short ton,short tons
