eia_market_sales_price.csv
period,stateRegionId,stateRegionDescription,marketTypeId,marketTypeDescription,price,sales,price-units,sales-units
2023,WMR,West of Mississippi River,OM,Open Market,20.28,201905366,dollars per short ton,short tons
2022,WMR,West of Mississippi River,OM,Open Market,19.92,226177931,dollars per short ton,short tons
2021,WMR,West of Mississippi River,OM,Open Market,17.89,214059373,dollars per short ton,short tons
2020,WMR,West of Mississippi River,OM,Open Market,19.49,196397195,dollars per short ton,short tons
2019,WMR,West of Mississippi River,OM,Open Market,18.59,245915835,dollars per short ton,short tons
2018,WMR,West of Mississippi River,OM,Open Market,17.38,265557019,dollars per short ton,short tons
2017,WMR,West of Mississippi River,OM,Open Market,17.92,278912965,dollars per short ton,short tons
2016,WMR,West of Mississippi River,OM,Open Market,17.78,274483808,dollars per short ton,short tons
2015,WMR,West of Mississippi River,OM,Open Market,17.77,354495487,dollars per short ton,short tons
2014,WMR,West of Mississippi River,OM,Open Market,18.07,376392377,dollars per short ton,short tons
2013,WMR,West of Mississippi River,OM,Open Market,18.33,369443796,dollars per short ton,short tons
2012,WMR,West of Mississippi River,OM,Open Market,19.29,354404364,dollars per short ton,short tons
2011,WMR,West of Mississippi River,OM,Open Market,17.93,441796383,dollars per short ton,short tons
2010,WMR,West of Mississippi River,OM,Open Market,16.24,456392785,dollars per short ton,short tons
2009,WMR,West of Mississippi River,OM,Open Market,15.84,465345119,dollars per short ton,short tons
2008,WMR,West of Mississippi River,OM,Open Market,14.64,524382536,dollars per short ton,short tons
2007,WMR,West of Mississippi River,OM,Open Market,12.94,542228689,dollars per short ton,short tons
2006,WMR,West of Mississippi River,OM,Open Market,12.12,534948972,dollars per short ton,short tons
2005,WMR,West of Mississippi River,OM,Open Market,11.01,539826100,dollars per short ton,short tons
2004,WMR,West of Mississippi River,OM,Open Market,10.11,558102974,dollars per short ton,short tons
2003,WMR,West of Mississippi River,OM,Open Market,9.69,537147197,dollars per short ton,short tons
2002,WMR,West of Mississippi River,OM,Open Market,9.48,529124575,dollars per short ton,short tons
2001,WMR,West of Mississippi River,OM,Open Market,9.02,529642821,dollars per short ton,short tons
2023,WMR,West of Mississippi River,CAP,Captive,24.32,122288256,dollars per short ton,short tons
2022,WMR,West of Mississippi River,CAP,Captive,22.38,117764565,dollars per short ton,short tons
2021,WMR,West of Mississippi River,CAP,Captive,16.18,124679553,dollars per short ton,short tons
2020,WMR,West of Mississippi River,CAP,Captive,15.46,125663657,dollars per short ton,short tons
2019,WMR,West of Mississippi River,CAP,Captive,16.34,151252526,dollars per short ton,short tons
2018,WMR,West of Mississippi River,CAP,Captive,16.12,166111072,dollars per short ton,short tons
2017,WMR,West of Mississippi River,CAP,Captive,16.24,179607800,dollars per short ton,short tons
2016,WMR,West of Mississippi River,CAP,Captive,17.81,172514353,dollars per short ton,short tons
2015,WMR,West of Mississippi River,CAP,Captive,17.86,191350824,dollars per short ton,short tons
2014,WMR,West of Mississippi River,CAP,Captive,17.71,205801911,dollars per short ton,short tons
2013,WMR,West of Mississippi River,CAP,Captive,17.45,196978376,dollars per short ton,short tons
2012,WMR,West of Mississippi River,CAP,Captive,16.55,229173959,dollars per short ton,short tons
2011,WMR,West of Mississippi River,CAP,Captive,15.89,192358473,dollars per short ton,short tons
2010,WMR,West of Mississippi River,CAP,Captive,16.61,181116797,dollars per short ton,short tons
2009,WMR,West of Mississippi River,CAP,Captive,16.23,156775002,dollars per short ton,short tons
2008,WMR,West of Mississippi River,CAP,Captive,15.66,152193486,dollars per short ton,short tons
2007,WMR,West of Mississippi River,CAP,Captive,15.3,122116398,dollars per short ton,short tons
2006,WMR,West of Mississippi River,CAP,Captive,13.15,133609818,dollars per short ton,short tons
2005,WMR,West of Mississippi River,CAP,Captive,13.49,98553751,dollars per short ton,short tons
2004,WMR,West of Mississippi River,CAP,Captive,15.03,69875825,dollars per short ton,short tons
2003,WMR,West of Mississippi River,CAP,Captive,14.96,67074211,dollars per short ton,short tons
2002,WMR,West of Mississippi River,CAP,Captive,14.34,70801462,dollars per short ton,short tons
2001,WMR,West of Mississippi River,CAP,Captive,15.26,67550243,dollars per short ton,short tons
2023,EMR,East of Mississippi River,OM,Open Market,79.68,135834234,dollars per short ton,short tons
2022,EMR,East of Mississippi River,OM,Open Market,70.41,147464447,dollars per short ton,short tons
2021,EMR,East of Mississippi River,OM,Open Market,52.34,144302836,dollars per short ton,short tons
2020,EMR,East of Mississippi River,OM,Open Market,49.7,128618417,dollars per short ton,short tons
2019,EMR,East of Mississippi River,OM,Open Market,53.83,179425550,dollars per short ton,short tons
2018,EMR,East of Mississippi River,OM,Open Market,54.15,189359164,dollars per short ton,short tons
2017,EMR,East of Mississippi River,OM,Open Market,51.31,198547111,dollars per short ton,short tons
2016,EMR,East of Mississippi River,OM,Open Market,49.41,200760174,dollars per short ton,short tons
2015,EMR,East of Mississippi River,OM,Open Market,54.61,241703896,dollars per short ton,short tons
2014,EMR,East of Mississippi River,OM,Open Market,57.99,298522355,dollars per short ton,short tons
2013,EMR,East of Mississippi River,OM,Open Market,60.74,298743404,dollars per short ton,short tons
2012,EMR,East of Mississippi River,OM,Open Market,63.42,263623542,dollars per short ton,short tons
2011,EMR,East of Mississippi River,OM,Open Market,64.06,347305393,dollars per short ton,short tons
2010,EMR,East of Mississippi River,OM,Open Market,62.71,388719263,dollars per short ton,short tons
2009,EMR,East of Mississippi River,OM,Open Market,57.33,389457577,dollars per short ton,short tons
2008,EMR,East of Mississippi River,OM,Open Market,52.92,437459973,dollars per short ton,short tons
2007,EMR,East of Mississippi River,OM,Open Market,42.47,441541000,dollars per short ton,short tons
2006,EMR,East of Mississippi River,OM,Open Market,40.89,443716171,dollars per short ton,short tons
2005,EMR,East of Mississippi River,OM,Open Market,38.47,455973364,dollars per short ton,short tons
2004,EMR,East of Mississippi River,OM,Open Market,32.14,448704195,dollars per short ton,short tons
2003,EMR,East of Mississippi River,OM,Open Market,27.72,444363582,dollars per short ton,short tons
2002,EMR,East of Mississippi River,OM,Open Market,27.47,474036440,dollars per short ton,short tons
2001,EMR,East of Mississippi River,OM,Open Market,26.1,507312341,dollars per short ton,short tons
2023,EMR,East of Mississippi River,CAP,Captive,48.94,19436282,dollars per short ton,short tons
2022,EMR,East of Mississippi River,CAP,Captive,53.54,21582036,dollars per short ton,short tons
2021,EMR,East of Mississippi River,CAP,Captive,46.84,21259167,dollars per short ton,short tons
2020,EMR,East of Mississippi River,CAP,Captive,36.22,26734309,dollars per short ton,short tons
2019,EMR,East of Mississippi River,CAP,Captive,45.26,38237863,dollars per short ton,short tons
2018,EMR,East of Mississippi River,CAP,Captive,43.38,34129150,dollars per short ton,short tons
2017,EMR,East of Mississippi River,CAP,Captive,45.12,31968169,dollars per short ton,short tons
2016,EMR,East of Mississippi River,CAP,Captive,44.44,37644955,dollars per short ton,short tons
2015,EMR,East of Mississippi River,CAP,Captive,44.58,42947712,dollars per short ton,short tons
2014,EMR,East of Mississippi River,CAP,Captive,50.95,34230303,dollars per short ton,short tons
2013,EMR,East of Mississippi River,CAP,Captive,54.48,32700707,dollars per short ton,short tons
2012,EMR,East of Mississippi River,CAP,Captive,70.17,75991373,dollars per short ton,short tons
2011,EMR,East of Mississippi River,CAP,Captive,65.01,40471710,dollars per short ton,short tons
2010,EMR,East of Mississippi River,CAP,Captive,66.59,56485338,dollars per short ton,short tons
2009,EMR,East of Mississippi River,CAP,Captive,60.76,50395124,dollars per short ton,short tons
2008,EMR,East of Mississippi River,CAP,Captive,60.12,55540189,dollars per short ton,short tons
2007,EMR,East of Mississippi River,CAP,Captive,48.35,40737373,dollars per short ton,short tons
2006,EMR,East of Mississippi River,CAP,Captive,48.68,41796459,dollars per short ton,short tons
2005,EMR,East of Mississippi River,CAP,Captive,42.32,38037044,dollars per short ton,short tons
2004,EMR,East of Mississippi River,CAP,Captive,35.29,32500741,dollars per short ton,short tons
2003,EMR,East of Mississippi River,CAP,Captive,28.57,25421197,dollars per short ton,short tons
2002,EMR,East of Mississippi River,CAP,Captive,28.25,15599771,dollars per short ton,short tons
2001,EMR,East of Mississippi River,CAP,Captive,38.49,17379934,dollars per short ton,short tons
2023,WST,West Total,OM,Open Market,19.66,176719650,dollars per short ton,short tons
2022,WST,West Total,OM,Open Market,19.38,196764581,dollars per short ton,short tons
2021,WST,West Total,OM,Open Market,17.15,184741797,dollars per short ton,short tons
2020,WST,West Total,OM,Open Market,17.85,166755541,dollars per short ton,short tons
2019,WST,West Total,OM,Open Market,18.18,215416041,dollars per short ton,short tons
2018,WST,West Total,OM,Open Market,16.45,233882769,dollars per short ton,short tons
2017,WST,West Total,OM,Open Market,17.03,246654028,dollars per short ton,short tons
2016,WST,West Total,OM,Open Market,17.26,241351813,dollars per short ton,short tons
2015,WST,West Total,OM,Open Market,16.87,317212062,dollars per short ton,short tons
2014,WST,West Total,OM,Open Market,17.43,335647342,dollars per short ton,short tons
2013,WST,West Total,OM,Open Market,17.68,329874489,dollars per short ton,short tons
2012,WST,West Total,OM,Open Market,18.74,315665774,dollars per short ton,short tons
2011,WST,West Total,OM,Open Market,17.47,398973949,dollars per short ton,short tons
2010,WST,West Total,OM,Open Market,15.91,417517593,dollars per short ton,short tons
2009,WST,West Total,OM,Open Market,15.64,425645195,dollars per short ton,short tons
2008,WST,West Total,OM,Open Market,14.38,482183039,dollars per short ton,short tons
2007,WST,West Total,OM,Open Market,12.69,499410106,dollars per short ton,short tons
2006,WST,West Total,OM,Open Market,11.88,490999199,dollars per short ton,short tons
2005,WST,West Total,OM,Open Market,10.72,495618183,dollars per short ton,short tons
2004,WST,West Total,OM,Open Market,9.87,514683911,dollars per short ton,short tons
2003,WST,West Total,OM,Open Market,9.49,487700729,dollars per short ton,short tons
2002,WST,West Total,OM,Open Market,9.29,484987871,dollars per short ton,short tons
2001,WST,West Total,OM,Open Market,8.71,484495149,dollars per short ton,short tons
2023,WST,West Total,CAP,Captive,25.25,108926577,dollars per short ton,short tons
2022,WST,West Total,CAP,Captive,23.17,103718168,dollars per short ton,short tons
2021,WST,West Total,CAP,Captive,16.47,109246671,dollars per short ton,short tons
2020,WST,West Total,CAP,Captive,16.11,107942621,dollars per short ton,short tons
2019,WST,West Total,CAP,Captive,16.16,131754954,dollars per short ton,short tons
2018,WST,West Total,CAP,Captive,16.3,142827869,dollars per short ton,short tons
2017,WST,West Total,CAP,Captive,16.48,146037628,dollars per short ton,short tons
2016,WST,West Total,CAP,Captive,17.47,136769132,dollars per short ton,short tons
2015,WST,West Total,CAP,Captive,17.68,158736083,dollars per short ton,short tons
2014,WST,West Total,CAP,Captive,18.15,169541569,dollars per short ton,short tons
2013,WST,West Total,CAP,Captive,17.61,164258403,dollars per short ton,short tons
2012,WST,West Total,CAP,Captive,16.57,193901874,dollars per short ton,short tons
2011,WST,West Total,CAP,Captive,15.73,157017282,dollars per short ton,short tons
2010,WST,West Total,CAP,Captive,15.99,144679363,dollars per short ton,short tons
2009,WST,West Total,CAP,Captive,15.99,126897626,dollars per short ton,short tons
2008,WST,West Total,CAP,Captive,15.31,119709041,dollars per short ton,short tons
2007,WST,West Total,CAP,Captive,15.36,88330361,dollars per short ton,short tons
2006,WST,West Total,CAP,Captive,12.97,95511600,dollars per short ton,short tons
2005,WST,West Total,CAP,Captive,13.81,58536017,dollars per short ton,short tons
2004,WST,West Total,CAP,Captive,17.67,30746786,dollars per short ton,short tons
2003,WST,West Total,CAP,Captive,16.45,31486701,dollars per short ton,short tons
2002,WST,West Total,CAP,Captive,14.44,32661551,dollars per short ton,short tons
2001,WST,West Total,CAP,Captive,15.07,31401481,dollars per short ton,short tons
2023,STH,South Total,OM,Open Market,84.86,78848281,dollars per short ton,short tons
2022,STH,South Total,OM,Open Market,74.49,88292223,dollars per short ton,short tons
2021,STH,South Total,OM,Open Market,54.67,84241565,dollars per short ton,short tons
2020,STH,South Total,OM,Open Market,56.65,70713350,dollars per short ton,short tons
2019,STH,South Total,OM,Open Market,59.6,88555189,dollars per short ton,short tons
2018,STH,South Total,OM,Open Market,60.02,98388661,dollars per short ton,short tons
2017,STH,South Total,OM,Open Market,54.96,105591959,dollars per short ton,short tons
2016,STH,South Total,OM,Open Market,51.3,108544951,dollars per short ton,short tons
2015,STH,South Total,OM,Open Market,56.1,140336711,dollars per short ton,short tons
2014,STH,South Total,OM,Open Market,58.64,171537697,dollars per short ton,short tons
2013,STH,South Total,OM,Open Market,61.65,184081983,dollars per short ton,short tons
2012,STH,South Total,OM,Open Market,64.16,173056515,dollars per short ton,short tons
2011,STH,South Total,OM,Open Market,65.39,241276106,dollars per short ton,short tons
2010,STH,South Total,OM,Open Market,64.33,258595458,dollars per short ton,short tons
2009,STH,South Total,OM,Open Market,59.54,258869943,dollars per short ton,short tons
2008,STH,South Total,OM,Open Market,54.26,297406103,dollars per short ton,short tons
2007,STH,South Total,OM,Open Market,44.69,295323821,dollars per short ton,short tons
2006,STH,South Total,OM,Open Market,42.78,298170798,dollars per short ton,short tons
2005,STH,South Total,OM,Open Market,40.16,308843733,dollars per short ton,short tons
2004,STH,South Total,OM,Open Market,33.4,295568778,dollars per short ton,short tons
2003,STH,South Total,OM,Open Market,28.41,289861654,dollars per short ton,short tons
2002,STH,South Total,OM,Open Market,28.45,305342213,dollars per short ton,short tons
2001,STH,South Total,OM,Open Market,26.97,327432776,dollars per short ton,short tons
2023,STH,South Total,CAP,Captive,23.2,13813111,dollars per short ton,short tons
2022,STH,South Total,CAP,Captive,31.31,15526344,dollars per short ton,short tons
2021,STH,South Total,CAP,Captive,27.89,17359242,dollars per short ton,short tons
2020,STH,South Total,CAP,Captive,20.13,24444776,dollars per short ton,short tons
2019,STH,South Total,CAP,Captive,31.06,37280305,dollars per short ton,short tons
2018,STH,South Total,CAP,Captive,26.66,32479268,dollars per short ton,short tons
2017,STH,South Total,CAP,Captive,24.29,40114810,dollars per short ton,short tons
2016,STH,South Total,CAP,Captive,26.77,43794220,dollars per short ton,short tons
2015,STH,South Total,CAP,Captive,27.35,36975445,dollars per short ton,short tons
2014,STH,South Total,CAP,Captive,23.45,40053157,dollars per short ton,short tons
2013,STH,South Total,CAP,Captive,21.87,32325617,dollars per short ton,short tons
2012,STH,South Total,CAP,Captive,49.58,63285677,dollars per short ton,short tons
2011,STH,South Total,CAP,Captive,29.93,41409816,dollars per short ton,short tons
2010,STH,South Total,CAP,Captive,41.23,55547514,dollars per short ton,short tons
2009,STH,South Total,CAP,Captive,39.53,45898777,dollars per short ton,short tons
2008,STH,South Total,CAP,Captive,40.29,54026828,dollars per short ton,short tons
2007,STH,South Total,CAP,Captive,29.2,49010978,dollars per short ton,short tons
2006,STH,South Total,CAP,Captive,27.88,53801846,dollars per short ton,short tons
2005,STH,South Total,CAP,Captive,24.14,52208043,dollars per short ton,short tons
2004,STH,South Total,CAP,Captive,20.55,51200919,dollars per short ton,short tons
2003,STH,South Total,CAP,Captive,17.88,48480194,dollars per short ton,short tons
2002,STH,South Total,CAP,Captive,17.82,48039530,dollars per short ton,short tons
2001,STH,South Total,CAP,Captive,18.49,45348182,dollars per short ton,short tons
