eia_market_sales_price.csv
period,stateRegionId,stateRegionDescription,marketTypeId,marketTypeDescription,price,sales,price-units,sales-units
2023,MID,Midwest Total,OM,Open Market,41.75,56873053,dollars per short ton,short tons
2022,MID,Midwest Total,OM,Open Market,33.47,59966143,dollars per short ton,short tons
2021,MID,Midwest Total,OM,Open Market,29.54,58348680,dollars per short ton,short tons
2020,MID,Midwest Total,OM,Open Market,26.07,58857251,dollars per short ton,short tons
2019,MID,Midwest Total,OM,Open Market,30.72,81263173,dollars per short ton,short tons
2018,MID,Midwest Total,OM,Open Market,30.89,80843803,dollars per short ton,short tons
2017,MID,Midwest Total,OM,Open Market,32.45,83647904,dollars per short ton,short tons
2016,MID,Midwest Total,OM,Open Market,34.59,82966926,dollars per short ton,short tons
2015,MID,Midwest Total,OM,Open Market,37.24,92723871,dollars per short ton,short tons
2014,MID,Midwest Total,OM,Open Market,40.39,107757521,dollars per short ton,short tons
2013,MID,Midwest Total,OM,Open Market,40.26,102421340,dollars per short ton,short tons
2012,MID,Midwest Total,OM,Open Market,41.16,95039040,dollars per short ton,short tons
2011,MID,Midwest Total,OM,Open Market,38.92,98903494,dollars per short ton,short tons
2010,MID,Midwest Total,OM,Open Market,37.11,98304193,dollars per short ton,short tons
2009,MID,Midwest Total,OM,Open Market,35.54,102524203,dollars per short ton,short tons
2008,MID,Midwest Total,OM,Open Market,32.35,103570286,dollars per short ton,short tons
2007,MID,Midwest Total,OM,Open Market,26.07,108721493,dollars per short ton,short tons
2006,MID,Midwest Total,OM,Open Market,24.29,104982466,dollars per short ton,short tons
2005,MID,Midwest Total,OM,Open Market,23.31,107877327,dollars per short ton,short tons
2004,MID,Midwest Total,OM,Open Market,20.99,112662779,dollars per short ton,short tons
2003,MID,Midwest Total,OM,Open Market,19.2,116512566,dollars per short ton,short tons
2002,MID,Midwest Total,OM,Open Market,18.99,117500298,dollars per short ton,short tons
2001,MID,Midwest Total,OM,Open Market,18.62,121991582,dollars per short ton,short tons
2023,MID,Midwest Total,CAP,Captive,44.47,18507428,dollars per short ton,short tons
2022,MID,Midwest Total,CAP,Captive,44.62,19563980,dollars per short ton,short tons
2021,MID,Midwest Total,CAP,Captive,34.58,18375425,dollars per short ton,short tons
2020,MID,Midwest Total,CAP,Captive,33.22,18511339,dollars per short ton,short tons
2019,MID,Midwest Total,CAP,Captive,41.76,16535744,dollars per short ton,short tons
2018,MID,Midwest Total,CAP,Captive,37.79,23649415,dollars per short ton,short tons
2017,MID,Midwest Total,CAP,Captive,36.74,22723040,dollars per short ton,short tons
2016,MID,Midwest Total,CAP,Captive,39.24,25556382,dollars per short ton,short tons
2015,MID,Midwest Total,CAP,Captive,37.94,35029262,dollars per short ton,short tons
2014,MID,Midwest Total,CAP,Captive,42.79,27575272,dollars per short ton,short tons
2013,MID,Midwest Total,CAP,Captive,46.76,30044378,dollars per short ton,short tons
2012,MID,Midwest Total,CAP,Captive,47.99,29694113,dollars per short ton,short tons
2011,MID,Midwest Total,CAP,Captive,46.5,27568580,dollars per short ton,short tons
2010,MID,Midwest Total,CAP,Captive,42.41,26200362,dollars per short ton,short tons
2009,MID,Midwest Total,CAP,Captive,39.15,22992249,dollars per short ton,short tons
2008,MID,Midwest Total,CAP,Captive,33.08,22334952,dollars per short ton,short tons
2007,MID,Midwest Total,CAP,Captive,27.54,14499383,dollars per short ton,short tons
2006,MID,Midwest Total,CAP,Captive,28.2,14962949,dollars per short ton,short tons
2005,MID,Midwest Total,CAP,Captive,19.35,13325807,dollars per short ton,short tons
2004,MID,Midwest Total,CAP,Captive,13.81,7676301,dollars per short ton,short tons
2003,MID,Midwest Total,CAP,Captive,20.63,4048497,dollars per short ton,short tons
2002,MID,Midwest Total,CAP,Captive,21.75,3262972,dollars per short ton,short tons
2001,MID,Midwest Total,CAP,Captive,60.32,5360592,dollars per short ton,short tons
2023,EST,East Total,OM,Open Market,94.03,25298616,dollars per short ton,short tons
2022,EST,East Total,OM,Open Market,87.06,28619431,dollars per short ton,short tons
2021,EST,East Total,OM,Open Market,60.74,31030167,dollars per short ton,short tons
2020,EST,East Total,OM,Open Market,59.32,28689470,dollars per short ton,short tons
2019,EST,East Total,OM,Open Market,63.27,40106982,dollars per short ton,short tons
2018,EST,East Total,OM,Open Market,62.65,41800950,dollars per short ton,short tons
2017,EST,East Total,OM,Open Market,59.35,41566185,dollars per short ton,short tons
2016,EST,East Total,OM,Open Market,51.82,42380292,dollars per short ton,short tons
2015,EST,East Total,OM,Open Market,61.47,45926739,dollars per short ton,short tons
2014,EST,East Total,OM,Open Market,64.18,59972172,dollars per short ton,short tons
2013,EST,East Total,OM,Open Market,69.75,51809388,dollars per short ton,short tons
2012,EST,East Total,OM,Open Market,76.62,34266577,dollars per short ton,short tons
2011,EST,East Total,OM,Open Market,71.52,49948227,dollars per short ton,short tons
2010,EST,East Total,OM,Open Market,68.77,70694804,dollars per short ton,short tons
2009,EST,East Total,OM,Open Market,58.75,67763355,dollars per short ton,short tons
2008,EST,East Total,OM,Open Market,55.98,78683081,dollars per short ton,short tons
2007,EST,East Total,OM,Open Market,42.31,80314269,dollars per short ton,short tons
2006,EST,East Total,OM,Open Market,41.26,84512680,dollars per short ton,short tons
2005,EST,East Total,OM,Open Market,38.98,83460221,dollars per short ton,short tons
2004,EST,East Total,OM,Open Market,32.73,83891701,dollars per short ton,short tons
2003,EST,East Total,OM,Open Market,27.72,87435830,dollars per short ton,short tons
2002,EST,East Total,OM,Open Market,27.42,95330633,dollars per short ton,short tons
2001,EST,East Total,OM,Open Market,26.16,103035655,dollars per short ton,short tons
2023,EST,East Total,CAP,Captive,65.14,477422,dollars per short ton,short tons
2022,EST,East Total,CAP,Captive,52.26,538109,dollars per short ton,short tons
2021,EST,East Total,CAP,Captive,98.31,957382,dollars per short ton,short tons
2020,EST,East Total,CAP,Captive,43.67,1499230,dollars per short ton,short tons
2019,EST,East Total,CAP,Captive,57.38,3919386,dollars per short ton,short tons
2018,EST,East Total,CAP,Captive,54.49,1283670,dollars per short ton,short tons
2017,EST,East Total,CAP,Captive,52.85,2700491,dollars per short ton,short tons
2016,EST,East Total,CAP,Captive,44.6,4039574,dollars per short ton,short tons
2015,EST,East Total,CAP,Captive,51.93,3557746,dollars per short ton,short tons
2014,EST,East Total,CAP,Captive,67.33,2862216,dollars per short ton,short tons
2013,EST,East Total,CAP,Captive,70.5,3050685,dollars per short ton,short tons
2012,EST,East Total,CAP,Captive,73.8,18283668,dollars per short ton,short tons
2011,EST,East Total,CAP,Captive,101.97,6834505,dollars per short ton,short tons
2010,EST,East Total,CAP,Captive,94.38,11174896,dollars per short ton,short tons
2009,EST,East Total,CAP,Captive,75.8,11381474,dollars per short ton,short tons
2008,EST,East Total,CAP,Captive,83.5,11662854,dollars per short ton,short tons
2007,EST,East Total,CAP,Captive,59.07,11013049,dollars per short ton,short tons
2006,EST,East Total,CAP,Captive,56.71,11129882,dollars per short ton,short tons
2005,EST,East Total,CAP,Captive,48.94,12520928,dollars per short ton,short tons
2004,EST,East Total,CAP,Captive,38.85,12752560,dollars per short ton,short tons
2003,EST,East Total,CAP,Captive,30.8,8480016,dollars per short ton,short tons
2002,EST,East Total,CAP,Captive,23.49,2437180,dollars per short ton,short tons
2001,EST,East Total,CAP,Captive,22.81,2819922,dollars per short ton,short tons
2023,WBO,Other Western,OM,Open Market,33.36,33674947,dollars per short ton,short tons
2022,WBO,Other Western,OM,Open Market,30.23,40323578,dollars per short ton,short tons
2021,WBO,Other Western,OM,Open Market,28.15,39709788,dollars per short ton,short tons
2020,WBO,Other Western,OM,Open Market,28.61,40002726,dollars per short ton,short tons
2019,WBO,Other Western,OM,Open Market,34.22,46122984,dollars per short ton,short tons
2018,WBO,Other Western,OM,Open Market,30.2,47529165,dollars per short ton,short tons
2017,WBO,Other Western,OM,Open Market,29.06,49589023,dollars per short ton,short tons
2016,WBO,Other Western,OM,Open Market,28.35,47828990,dollars per short ton,short tons
2015,WBO,Other Western,OM,Open Market,29.93,51626865,dollars per short ton,short tons
2014,WBO,Other Western,OM,Open Market,31.53,55783970,dollars per short ton,short tons
2013,WBO,Other Western,OM,Open Market,31.11,57114559,dollars per short ton,short tons
2012,WBO,Other Western,OM,Open Market,30.73,55349149,dollars per short ton,short tons
2011,WBO,Other Western,OM,Open Market,28.7,66010644,dollars per short ton,short tons
2010,WBO,Other Western,OM,Open Market,25.97,63606232,dollars per short ton,short tons
2009,WBO,Other Western,OM,Open Market,24.73,63552346,dollars per short ton,short tons
2008,WBO,Other Western,OM,Open Market,25.31,63188327,dollars per short ton,short tons
2007,WBO,Other Western,OM,Open Market,21.54,65032967,dollars per short ton,short tons
2006,WBO,Other Western,OM,Open Market,20.48,66918096,dollars per short ton,short tons
2005,WBO,Other Western,OM,Open Market,19.97,75524169,dollars per short ton,short tons
2004,WBO,Other Western,OM,Open Market,18.48,77453541,dollars per short ton,short tons
2003,WBO,Other Western,OM,Open Market,17,79413836,dollars per short ton,short tons
2002,WBO,Other Western,OM,Open Market,17.06,82001686,dollars per short ton,short tons
2001,WBO,Other Western,OM,Open Market,16.72,83141103,dollars per short ton,short tons
2023,WBO,Other Western,CAP,Captive,86.48,13996466,dollars per short ton,short tons
2022,WBO,Other Western,CAP,Captive,76.12,14102589,dollars per short ton,short tons
2021,WBO,Other Western,CAP,Captive,39.79,15067209,dollars per short ton,short tons
2020,WBO,Other Western,CAP,Captive,36.09,14580575,dollars per short ton,short tons
2019,WBO,Other Western,CAP,Captive,38.24,17127546,dollars per short ton,short tons
2018,WBO,Other Western,CAP,Captive,34.72,21530793,dollars per short ton,short tons
2017,WBO,Other Western,CAP,Captive,32.74,20610202,dollars per short ton,short tons
2016,WBO,Other Western,CAP,Captive,32.73,19223308,dollars per short ton,short tons
2015,WBO,Other Western,CAP,Captive,31.67,24495741,dollars per short ton,short tons
2014,WBO,Other Western,CAP,Captive,29.89,24637161,dollars per short ton,short tons
2013,WBO,Other Western,CAP,Captive,28.47,24560716,dollars per short ton,short tons
2012,WBO,Other Western,CAP,Captive,26.95,24423085,dollars per short ton,short tons
2011,WBO,Other Western,CAP,Captive,26.46,14123812,dollars per short ton,short tons
2010,WBO,Other Western,CAP,Captive,26.59,16178034,dollars per short ton,short tons
2009,WBO,Other Western,CAP,Captive,23.38,16574657,dollars per short ton,short tons
2008,WBO,Other Western,CAP,Captive,22.47,15459559,dollars per short ton,short tons
2007,WBO,Other Western,CAP,Captive,20.57,14333185,dollars per short ton,short tons
2006,WBO,Other Western,CAP,Captive,19.84,17443359,dollars per short ton,short tons
2005,WBO,Other Western,CAP,Captive,17.68,15568440,dollars per short ton,short tons
2004,WBO,Other Western,CAP,Captive,20.89,15495520,dollars per short ton,short tons
2003,WBO,Other Western,CAP,Captive,23.53,11778086,dollars per short ton,short tons
2002,WBO,Other Western,CAP,Captive,20.36,11645467,dollars per short ton,short tons
2001,WBO,Other Western,CAP,Captive,21.02,11201809,dollars per short ton,short tons
2023,UNT,Uinta Basin,OM,Open Market,51.13,10565897,dollars per short ton,short tons
2022,UNT,Uinta Basin,OM,Open Market,42.93,14275686,dollars per short ton,short tons
2021,UNT,Uinta Basin,OM,Open Market,38.83,14304009,dollars per short ton,short tons
2020,UNT,Uinta Basin,OM,Open Market,39.59,15655808,dollars per short ton,short tons
2019,UNT,Uinta Basin,OM,Open Market,38.88,15701933,dollars per short ton,short tons
2018,UNT,Uinta Basin,OM,Open Market,37.63,14028785,dollars per short ton,short tons
2017,UNT,Uinta Basin,OM,Open Market,38.49,16771189,dollars per short ton,short tons
2016,UNT,Uinta Basin,OM,Open Market,37.4,17525851,dollars per short ton,short tons
2015,UNT,Uinta Basin,OM,Open Market,33.28,21100165,dollars per short ton,short tons
2014,UNT,Uinta Basin,OM,Open Market,35.67,22079141,dollars per short ton,short tons
2013,UNT,Uinta Basin,OM,Open Market,35.8,20753787,dollars per short ton,short tons
2012,UNT,Uinta Basin,OM,Open Market,37.16,32222937,dollars per short ton,short tons
2011,UNT,Uinta Basin,OM,Open Market,36.84,35666348,dollars per short ton,short tons
2010,UNT,Uinta Basin,OM,Open Market,34.46,37406749,dollars per short ton,short tons
2009,UNT,Uinta Basin,OM,Open Market,34.91,40080273,dollars per short ton,short tons
2008,UNT,Uinta Basin,OM,Open Market,30.1,50444624,dollars per short ton,short tons
2007,UNT,Uinta Basin,OM,Open Market,25.08,52444536,dollars per short ton,short tons
2006,UNT,Uinta Basin,OM,Open Market,24.39,45976538,dollars per short ton,short tons
2005,UNT,Uinta Basin,OM,Open Market,21.44,47348464,dollars per short ton,short tons
2004,UNT,Uinta Basin,OM,Open Market,17.79,54503041,dollars per short ton,short tons
2003,UNT,Uinta Basin,OM,Open Market,17.73,51898104,dollars per short ton,short tons
2002,UNT,Uinta Basin,OM,Open Market,17.87,50875902,dollars per short ton,short tons
2001,UNT,Uinta Basin,OM,Open Market,18.18,50939899,dollars per short ton,short tons
2023,UNT,Uinta Basin,CAP,Captive,55.59,5580483,dollars per short ton,short tons
2022,UNT,Uinta Basin,CAP,Captive,47.25,4833427,dollars per short ton,short tons
2021,UNT,Uinta Basin,CAP,Captive,44.56,5119833,dollars per short ton,short tons
2020,UNT,Uinta Basin,CAP,Captive,42.71,4996620,dollars per short ton,short tons
2019,UNT,Uinta Basin,CAP,Captive,45.17,5569054,dollars per short ton,short tons
2018,UNT,Uinta Basin,CAP,Captive,43.44,5231624,dollars per short ton,short tons
2017,UNT,Uinta Basin,CAP,Captive,42.25,5980331,dollars per short ton,short tons
2016,UNT,Uinta Basin,CAP,Captive,47.87,7224516,dollars per short ton,short tons
2015,UNT,Uinta Basin,CAP,Captive,41.96,8897898,dollars per short ton,short tons
2014,UNT,Uinta Basin,CAP,Captive,43.59,13764386,dollars per short ton,short tons
2013,UNT,Uinta Basin,CAP,Captive,43.21,13341043,dollars per short ton,short tons
2012,UNT,Uinta Basin,CAP,Captive,39.43,7636313,dollars per short ton,short tons
2011,UNT,Uinta Basin,CAP,Captive,38.61,6647415,dollars per short ton,short tons
2010,UNT,Uinta Basin,CAP,Captive,40.28,5588328,dollars per short ton,short tons
2009,UNT,Uinta Basin,CAP,Captive,33.86,8047358,dollars per short ton,short tons
2008,UNT,Uinta Basin,CAP,Captive,28.49,8044533,dollars per short ton,short tons
2007,UNT,Uinta Basin,CAP,Captive,31.95,6774581,dollars per short ton,short tons
2006,UNT,Uinta Basin,CAP,Captive,24.23,14023964,dollars per short ton,short tons
2005,UNT,Uinta Basin,CAP,Captive,20.36,15758861,dollars per short ton,short tons
2004,UNT,Uinta Basin,CAP,Captive,24.76,6649522,dollars per short ton,short tons
2003,UNT,Uinta Basin,CAP,Captive,22.72,6989061,dollars per short ton,short tons
2002,UNT,Uinta Basin,CAP,Captive,20.83,7643262,dollars per short ton,short tons
2001,UNT,Uinta Basin,CAP,Captive,20.48,8263454,dollars per short ton,short tons
2023,PRB,Powder River Basin,OM,Open Market,15.15,156506738,dollars per short ton,short tons
2022,PRB,Powder River Basin,OM,Open Market,14.99,168810289,dollars per short ton,short tons
2021,PRB,Powder River Basin,OM,Open Market,12.73,157529792,dollars per short ton,short tons
2020,PRB,Powder River Basin,OM,Open Market,12.56,137503749,dollars per short ton,short tons
2019,PRB,Powder River Basin,OM,Open Market,12.4,180744092,dollars per short ton,short tons
2018,PRB,Powder River Basin,OM,Open Market,11.79,197761258,dollars per short ton,short tons
2017,PRB,Powder River Basin,OM,Open Market,12.49,204783564,dollars per short ton,short tons
2016,PRB,Powder River Basin,OM,Open Market,12.91,199791305,dollars per short ton,short tons
2015,PRB,Powder River Basin,OM,Open Market,13.12,269112655,dollars per short ton,short tons
2014,PRB,Powder River Basin,OM,Open Market,13.25,282572351,dollars per short ton,short tons
2013,PRB,Powder River Basin,OM,Open Market,13.57,276095522,dollars per short ton,short tons
2012,PRB,Powder River Basin,OM,Open Market,13.66,251539374,dollars per short ton,short tons
2011,PRB,Powder River Basin,OM,Open Market,12.92,321292229,dollars per short ton,short tons
2010,PRB,Powder River Basin,OM,Open Market,11.92,341638964,dollars per short ton,short tons
2009,PRB,Powder River Basin,OM,Open Market,11.63,347796805,dollars per short ton,short tons
2008,PRB,Powder River Basin,OM,Open Market,10.55,393874798,dollars per short ton,short tons
2007,PRB,Powder River Basin,OM,Open Market,9.62,407702216,dollars per short ton,short tons
2006,PRB,Powder River Basin,OM,Open Market,8.96,404360339,dollars per short ton,short tons
2005,PRB,Powder River Basin,OM,Open Market,7.68,398376811,dollars per short ton,short tons
2004,PRB,Powder River Basin,OM,Open Market,7.17,408549476,dollars per short ton,short tons
2003,PRB,Powder River Basin,OM,Open Market,6.78,387507787,dollars per short ton,short tons
2002,PRB,Powder River Basin,OM,Open Market,6.42,383113426,dollars per short ton,short tons
2001,PRB,Powder River Basin,OM,Open Market,5.68,380509424,dollars per short ton,short tons
