eia_market_sales_price.csv
period,stateRegionId,stateRegionDescription,marketTypeId,marketTypeDescription,price,sales,price-units,sales-units
2023,PRB,Powder River Basin,CAP,Captive,13.76,89349628,dollars per short ton,short tons
2022,PRB,Powder River Basin,CAP,Captive,12.99,84782152,dollars per short ton,short tons
2021,PRB,Powder River Basin,CAP,Captive,10.91,89059629,dollars per short ton,short tons
2020,PRB,Powder River Basin,CAP,Captive,11.31,88365426,dollars per short ton,short tons
2019,PRB,Powder River Basin,CAP,Captive,11.21,109058354,dollars per short ton,short tons
2018,PRB,Powder River Basin,CAP,Captive,11.86,120322319,dollars per short ton,short tons
2017,PRB,Powder River Basin,CAP,Captive,12.52,124059003,dollars per short ton,short tons
2016,PRB,Powder River Basin,CAP,Captive,13.02,114116072,dollars per short ton,short tons
2015,PRB,Powder River Basin,CAP,Captive,13.45,129588029,dollars per short ton,short tons
2014,PRB,Powder River Basin,CAP,Captive,13.45,135016018,dollars per short ton,short tons
2013,PRB,Powder River Basin,CAP,Captive,12.91,129947744,dollars per short ton,short tons
2012,PRB,Powder River Basin,CAP,Captive,13.95,166195728,dollars per short ton,short tons
2011,PRB,Powder River Basin,CAP,Captive,13.48,140424973,dollars per short ton,short tons
2010,PRB,Powder River Basin,CAP,Captive,13.48,126672674,dollars per short ton,short tons
2009,PRB,Powder River Basin,CAP,Captive,13.31,106424709,dollars per short ton,short tons
2008,PRB,Powder River Basin,CAP,Captive,12.95,100661255,dollars per short ton,short tons
2007,PRB,Powder River Basin,CAP,Captive,12.47,71066904,dollars per short ton,short tons
2006,PRB,Powder River Basin,CAP,Captive,8.68,68159073,dollars per short ton,short tons
2005,PRB,Powder River Basin,CAP,Captive,7.84,31647076,dollars per short ton,short tons
2004,PRB,Powder River Basin,CAP,Captive,6.74,12765061,dollars per short ton,short tons
2003,PRB,Powder River Basin,CAP,Captive,6.45,12719554,dollars per short ton,short tons
2002,PRB,Powder River Basin,CAP,Captive,5.63,13372822,dollars per short ton,short tons
2001,PRB,Powder River Basin,CAP,Captive,5.87,12339217,dollars per short ton,short tons
2023,WSB,Western Region Total,OM,Open Market,20.1,200747582,dollars per short ton,short tons
2022,WSB,Western Region Total,OM,Open Market,19.52,223409553,dollars per short ton,short tons
2021,WSB,Western Region Total,OM,Open Market,17.39,211543589,dollars per short ton,short tons
2020,WSB,Western Region Total,OM,Open Market,18.08,193162283,dollars per short ton,short tons
2019,WSB,Western Region Total,OM,Open Market,18.27,242569009,dollars per short ton,short tons
2018,WSB,Western Region Total,OM,Open Market,16.56,259319208,dollars per short ton,short tons
2017,WSB,Western Region Total,OM,Open Market,17.13,271143776,dollars per short ton,short tons
2016,WSB,Western Region Total,OM,Open Market,17.31,265146146,dollars per short ton,short tons
2015,WSB,Western Region Total,OM,Open Market,16.9,341839685,dollars per short ton,short tons
2014,WSB,Western Region Total,OM,Open Market,17.45,360435462,dollars per short ton,short tons
2013,WSB,Western Region Total,OM,Open Market,17.7,353963868,dollars per short ton,short tons
2012,WSB,Western Region Total,OM,Open Market,18.68,339111460,dollars per short ton,short tons
2011,WSB,Western Region Total,OM,Open Market,17.4,422969221,dollars per short ton,short tons
2010,WSB,Western Region Total,OM,Open Market,15.85,442651945,dollars per short ton,short tons
2009,WSB,Western Region Total,OM,Open Market,15.54,451429424,dollars per short ton,short tons
2008,WSB,Western Region Total,OM,Open Market,14.33,507507749,dollars per short ton,short tons
2007,WSB,Western Region Total,OM,Open Market,12.64,525179719,dollars per short ton,short tons
2006,WSB,Western Region Total,OM,Open Market,11.82,517254973,dollars per short ton,short tons
2005,WSB,Western Region Total,OM,Open Market,10.71,521249444,dollars per short ton,short tons
2004,WSB,Western Region Total,OM,Open Market,9.86,540506058,dollars per short ton,short tons
2003,WSB,Western Region Total,OM,Open Market,9.44,518819727,dollars per short ton,short tons
2002,WSB,Western Region Total,OM,Open Market,9.24,515991014,dollars per short ton,short tons
2001,WSB,Western Region Total,OM,Open Market,8.7,514590426,dollars per short ton,short tons
2023,WSB,Western Region Total,CAP,Captive,25.25,108926577,dollars per short ton,short tons
2022,WSB,Western Region Total,CAP,Captive,23.17,103718168,dollars per short ton,short tons
2021,WSB,Western Region Total,CAP,Captive,16.47,109246671,dollars per short ton,short tons
2020,WSB,Western Region Total,CAP,Captive,16.11,107942621,dollars per short ton,short tons
2019,WSB,Western Region Total,CAP,Captive,16.16,131754954,dollars per short ton,short tons
2018,WSB,Western Region Total,CAP,Captive,16.33,147084736,dollars per short ton,short tons
2017,WSB,Western Region Total,CAP,Captive,16.47,150649536,dollars per short ton,short tons
2016,WSB,Western Region Total,CAP,Captive,17.51,140563896,dollars per short ton,short tons
2015,WSB,Western Region Total,CAP,Captive,17.75,162981668,dollars per short ton,short tons
2014,WSB,Western Region Total,CAP,Captive,18.17,173417565,dollars per short ton,short tons
2013,WSB,Western Region Total,CAP,Captive,17.6,167849503,dollars per short ton,short tons
2012,WSB,Western Region Total,CAP,Captive,16.53,198255126,dollars per short ton,short tons
2011,WSB,Western Region Total,CAP,Captive,15.66,161196200,dollars per short ton,short tons
2010,WSB,Western Region Total,CAP,Captive,15.92,148439036,dollars per short ton,short tons
2009,WSB,Western Region Total,CAP,Captive,15.85,131046724,dollars per short ton,short tons
2008,WSB,Western Region Total,CAP,Captive,15.14,124165347,dollars per short ton,short tons
2007,WSB,Western Region Total,CAP,Captive,15.16,92174670,dollars per short ton,short tons
2006,WSB,Western Region Total,CAP,Captive,12.83,99626396,dollars per short ton,short tons
2005,WSB,Western Region Total,CAP,Captive,13.4,62974377,dollars per short ton,short tons
2004,WSB,Western Region Total,CAP,Captive,16.45,34910103,dollars per short ton,short tons
2003,WSB,Western Region Total,CAP,Captive,16.45,31486701,dollars per short ton,short tons
2002,WSB,Western Region Total,CAP,Captive,14.44,32661551,dollars per short ton,short tons
2001,WSB,Western Region Total,CAP,Captive,15,31804480,dollars per short ton,short tons
2023,INO,Other Interior,OM,Open Market,35.48,4088583,dollars per short ton,short tons
2022,INO,Other Interior,OM,Open Market,39.97,5983022,dollars per short ton,short tons
2021,INO,Other Interior,OM,Open Market,42.27,5540392,dollars per short ton,short tons
2020,INO,Other Interior,OM,Open Market,70.34,5773347,dollars per short ton,short tons
2019,INO,Other Interior,OM,Open Market,34.44,5908365,dollars per short ton,short tons
2018,INO,Other Interior,OM,Open Market,43.64,9234429,dollars per short ton,short tons
2017,INO,Other Interior,OM,Open Market,40.7,10186611,dollars per short ton,short tons
2016,INO,Other Interior,OM,Open Market,29.68,12386260,dollars per short ton,short tons
2015,INO,Other Interior,OM,Open Market,38.36,15921334,dollars per short ton,short tons
2014,INO,Other Interior,OM,Open Market,31.05,18584576,dollars per short ton,short tons
2013,INO,Other Interior,OM,Open Market,31.33,18648975,dollars per short ton,short tons
2012,INO,Other Interior,OM,Open Market,31.2,18358216,dollars per short ton,short tons
2011,INO,Other Interior,OM,Open Market,28.93,21535484,dollars per short ton,short tons
2010,INO,Other Interior,OM,Open Market,27.17,17337635,dollars per short ton,short tons
2009,INO,Other Interior,OM,Open Market,24.19,17663074,dollars per short ton,short tons
2008,INO,Other Interior,OM,Open Market,23.05,19896887,dollars per short ton,short tons
2007,INO,Other Interior,OM,Open Market,21.55,20437401,dollars per short ton,short tons
2006,INO,Other Interior,OM,Open Market,20.31,21287105,dollars per short ton,short tons
2005,INO,Other Interior,OM,Open Market,18.87,22179458,dollars per short ton,short tons
2004,INO,Other Interior,OM,Open Market,17.39,21168934,dollars per short ton,short tons
2003,INO,Other Interior,OM,Open Market,16.34,22066823,dollars per short ton,short tons
2002,INO,Other Interior,OM,Open Market,18.08,16039405,dollars per short ton,short tons
2001,INO,Other Interior,OM,Open Market,19.96,15527817,dollars per short ton,short tons
2023,INO,Other Interior,CAP,Captive,16.73,13361679,dollars per short ton,short tons
2022,INO,Other Interior,CAP,Captive,16.5,14046397,dollars per short ton,short tons
2021,INO,Other Interior,CAP,Captive,14.11,15432882,dollars per short ton,short tons
2020,INO,Other Interior,CAP,Captive,11.52,17721036,dollars per short ton,short tons
2019,INO,Other Interior,CAP,Captive,17.58,19497572,dollars per short ton,short tons
2018,INO,Other Interior,CAP,Captive,14.52,19026336,dollars per short ton,short tons
2017,INO,Other Interior,CAP,Captive,14.8,29385603,dollars per short ton,short tons
2016,INO,Other Interior,CAP,Captive,18.96,32244300,dollars per short ton,short tons
2015,INO,Other Interior,CAP,Captive,18.51,28369948,dollars per short ton,short tons
2014,INO,Other Interior,CAP,Captive,15.23,32384346,dollars per short ton,short tons
2013,INO,Other Interior,CAP,Captive,16.62,29128873,dollars per short ton,short tons
2012,INO,Other Interior,CAP,Captive,16.67,30918833,dollars per short ton,short tons
2011,INO,Other Interior,CAP,Captive,17.12,31162273,dollars per short ton,short tons
2010,INO,Other Interior,CAP,Captive,19.76,32677761,dollars per short ton,short tons
2009,INO,Other Interior,CAP,Captive,18.17,25728278,dollars per short ton,short tons
2008,INO,Other Interior,CAP,Captive,17.97,28028139,dollars per short ton,short tons
2007,INO,Other Interior,CAP,Captive,15.71,29941728,dollars per short ton,short tons
2006,INO,Other Interior,CAP,Captive,14.12,33983422,dollars per short ton,short tons
2005,INO,Other Interior,CAP,Captive,13.65,35579374,dollars per short ton,short tons
2004,INO,Other Interior,CAP,Captive,13.6,34965722,dollars per short ton,short tons
2003,INO,Other Interior,CAP,Captive,13.64,35587510,dollars per short ton,short tons
2002,INO,Other Interior,CAP,Captive,14.26,38139911,dollars per short ton,short tons
2001,INO,Other Interior,CAP,Captive,15.48,35745763,dollars per short ton,short tons
2023,ILL,Illinois Basin,OM,Open Market,54.96,46041791,dollars per short ton,short tons
2022,ILL,Illinois Basin,OM,Open Market,44.51,46348728,dollars per short ton,short tons
2021,ILL,Illinois Basin,OM,Open Market,40.19,44323895,dollars per short ton,short tons
2020,ILL,Illinois Basin,OM,Open Market,34.58,45452608,dollars per short ton,short tons
2019,ILL,Illinois Basin,OM,Open Market,38.13,67832828,dollars per short ton,short tons
2018,ILL,Illinois Basin,OM,Open Market,38.6,68058787,dollars per short ton,short tons
2017,ILL,Illinois Basin,OM,Open Market,39.99,74108793,dollars per short ton,short tons
2016,ILL,Illinois Basin,OM,Open Market,43.07,78431797,dollars per short ton,short tons
2015,ILL,Illinois Basin,OM,Open Market,45.79,90427467,dollars per short ton,short tons
2014,ILL,Illinois Basin,OM,Open Market,47.32,102429238,dollars per short ton,short tons
2013,ILL,Illinois Basin,OM,Open Market,47.07,94071990,dollars per short ton,short tons
2012,ILL,Illinois Basin,OM,Open Market,48.86,85655516,dollars per short ton,short tons
2011,ILL,Illinois Basin,OM,Open Market,45.84,88414775,dollars per short ton,short tons
2010,ILL,Illinois Basin,OM,Open Market,44.56,84191276,dollars per short ton,short tons
2009,ILL,Illinois Basin,OM,Open Market,41.02,82341064,dollars per short ton,short tons
2008,ILL,Illinois Basin,OM,Open Market,36.46,83208954,dollars per short ton,short tons
2007,ILL,Illinois Basin,OM,Open Market,31.64,88511846,dollars per short ton,short tons
2006,ILL,Illinois Basin,OM,Open Market,29.43,83719975,dollars per short ton,short tons
2005,ILL,Illinois Basin,OM,Open Market,27.35,85068789,dollars per short ton,short tons
2004,ILL,Illinois Basin,OM,Open Market,24.25,87679252,dollars per short ton,short tons
2003,ILL,Illinois Basin,OM,Open Market,22.99,83702177,dollars per short ton,short tons
2002,ILL,Illinois Basin,OM,Open Market,22.88,90187840,dollars per short ton,short tons
2001,ILL,Illinois Basin,OM,Open Market,21.93,94746630,dollars per short ton,short tons
2023,ILL,Illinois Basin,CAP,Captive,44.47,18507428,dollars per short ton,short tons
2022,ILL,Illinois Basin,CAP,Captive,44.62,19563980,dollars per short ton,short tons
2021,ILL,Illinois Basin,CAP,Captive,34.58,18375425,dollars per short ton,short tons
2020,ILL,Illinois Basin,CAP,Captive,33.1,18236620,dollars per short ton,short tons
2019,ILL,Illinois Basin,CAP,Captive,41.76,16575945,dollars per short ton,short tons
2018,ILL,Illinois Basin,CAP,Captive,42.42,18682202,dollars per short ton,short tons
2017,ILL,Illinois Basin,CAP,Captive,42.28,16382992,dollars per short ton,short tons
2016,ILL,Illinois Basin,CAP,Captive,43.12,16695943,dollars per short ton,short tons
2015,ILL,Illinois Basin,CAP,Captive,39.4,23967488,dollars per short ton,short tons
2014,ILL,Illinois Basin,CAP,Captive,47.72,21609268,dollars per short ton,short tons
2013,ILL,Illinois Basin,CAP,Captive,51.43,24771627,dollars per short ton,short tons
2012,ILL,Illinois Basin,CAP,Captive,54.54,23516958,dollars per short ton,short tons
2011,ILL,Illinois Basin,CAP,Captive,52.99,22377428,dollars per short ton,short tons
2010,ILL,Illinois Basin,CAP,Captive,47.67,21185795,dollars per short ton,short tons
2009,ILL,Illinois Basin,CAP,Captive,45.69,17519060,dollars per short ton,short tons
2008,ILL,Illinois Basin,CAP,Captive,39.03,16513135,dollars per short ton,short tons
2007,ILL,Illinois Basin,CAP,Captive,34.45,9482045,dollars per short ton,short tons
2006,ILL,Illinois Basin,CAP,Captive,35.98,9933474,dollars per short ton,short tons
2005,ILL,Illinois Basin,CAP,Captive,25.62,7921492,dollars per short ton,short tons
2004,ILL,Illinois Basin,CAP,Captive,23.44,3113842,dollars per short ton,short tons
2003,ILL,Illinois Basin,CAP,Captive,21.59,4276346,dollars per short ton,short tons
2002,ILL,Illinois Basin,CAP,Captive,22.94,2899790,dollars per short ton,short tons
2001,ILL,Illinois Basin,CAP,Captive,22.84,636017,dollars per short ton,short tons
2023,INT,Interior Region Total,OM,Open Market,53.37,50130374,dollars per short ton,short tons
2022,INT,Interior Region Total,OM,Open Market,43.99,52331750,dollars per short ton,short tons
2021,INT,Interior Region Total,OM,Open Market,40.42,49864287,dollars per short ton,short tons
2020,INT,Interior Region Total,OM,Open Market,38.61,51225955,dollars per short ton,short tons
2019,INT,Interior Region Total,OM,Open Market,37.84,73741193,dollars per short ton,short tons
2018,INT,Interior Region Total,OM,Open Market,39.2,77293216,dollars per short ton,short tons
2017,INT,Interior Region Total,OM,Open Market,40.08,84295404,dollars per short ton,short tons
2016,INT,Interior Region Total,OM,Open Market,41.24,90818057,dollars per short ton,short tons
2015,INT,Interior Region Total,OM,Open Market,44.68,106348801,dollars per short ton,short tons
2014,INT,Interior Region Total,OM,Open Market,44.82,121013814,dollars per short ton,short tons
2013,INT,Interior Region Total,OM,Open Market,44.46,112720965,dollars per short ton,short tons
2012,INT,Interior Region Total,OM,Open Market,45.74,104013732,dollars per short ton,short tons
2011,INT,Interior Region Total,OM,Open Market,42.53,109950259,dollars per short ton,short tons
2010,INT,Interior Region Total,OM,Open Market,41.59,101528911,dollars per short ton,short tons
2009,INT,Interior Region Total,OM,Open Market,38.05,100004138,dollars per short ton,short tons
2008,INT,Interior Region Total,OM,Open Market,33.87,103105841,dollars per short ton,short tons
2007,INT,Interior Region Total,OM,Open Market,29.75,108949247,dollars per short ton,short tons
2006,INT,Interior Region Total,OM,Open Market,27.58,105007080,dollars per short ton,short tons
2005,INT,Interior Region Total,OM,Open Market,25.59,107248247,dollars per short ton,short tons
2004,INT,Interior Region Total,OM,Open Market,22.92,108848186,dollars per short ton,short tons
2003,INT,Interior Region Total,OM,Open Market,21.6,105769000,dollars per short ton,short tons
2002,INT,Interior Region Total,OM,Open Market,22.16,106227245,dollars per short ton,short tons
2001,INT,Interior Region Total,OM,Open Market,21.65,110274447,dollars per short ton,short tons
