eia_market_sales_price.csv
period,stateRegionId,stateRegionDescription,marketTypeId,marketTypeDescription,price,sales,price-units,sales-units
2023,INT,Interior Region Total,CAP,Captive,32.84,31869107,dollars per short ton,short tons
2022,INT,Interior Region Total,CAP,Captive,32.87,33610377,dollars per short ton,short tons
2021,INT,Interior Region Total,CAP,Captive,25.23,33808307,dollars per short ton,short tons
2020,INT,Interior Region Total,CAP,Captive,22.47,35957656,dollars per short ton,short tons
2019,INT,Interior Region Total,CAP,Captive,28.69,36073517,dollars per short ton,short tons
2018,INT,Interior Region Total,CAP,Captive,28.35,37708538,dollars per short ton,short tons
2017,INT,Interior Region Total,CAP,Captive,24.64,45768595,dollars per short ton,short tons
2016,INT,Interior Region Total,CAP,Captive,27.2,48940243,dollars per short ton,short tons
2015,INT,Interior Region Total,CAP,Captive,28.08,52337436,dollars per short ton,short tons
2014,INT,Interior Region Total,CAP,Captive,28.24,53993614,dollars per short ton,short tons
2013,INT,Interior Region Total,CAP,Captive,32.62,53900500,dollars per short ton,short tons
2012,INT,Interior Region Total,CAP,Captive,33.03,54435791,dollars per short ton,short tons
2011,INT,Interior Region Total,CAP,Captive,32.11,53539701,dollars per short ton,short tons
2010,INT,Interior Region Total,CAP,Captive,30.74,53863556,dollars per short ton,short tons
2009,INT,Interior Region Total,CAP,Captive,29.31,43247338,dollars per short ton,short tons
2008,INT,Interior Region Total,CAP,Captive,25.78,44541274,dollars per short ton,short tons
2007,INT,Interior Region Total,CAP,Captive,20.22,39423773,dollars per short ton,short tons
2006,INT,Interior Region Total,CAP,Captive,19.06,43916896,dollars per short ton,short tons
2005,INT,Interior Region Total,CAP,Captive,15.83,43500866,dollars per short ton,short tons
2004,INT,Interior Region Total,CAP,Captive,14.41,38079564,dollars per short ton,short tons
2003,INT,Interior Region Total,CAP,Captive,14.49,39863856,dollars per short ton,short tons
2002,INT,Interior Region Total,CAP,Captive,14.87,41039701,dollars per short ton,short tons
2001,INT,Interior Region Total,CAP,Captive,15.61,36381780,dollars per short ton,short tons
2023,APS,Appalachia Southern,OM,Open Market,150.42,2295160,dollars per short ton,short tons
2022,APS,Appalachia Southern,OM,Open Market,179.11,1863242,dollars per short ton,short tons
2021,APS,Appalachia Southern,OM,Open Market,101.56,1535250,dollars per short ton,short tons
2020,APS,Appalachia Southern,OM,Open Market,83.37,2434761,dollars per short ton,short tons
2019,APS,Appalachia Southern,OM,Open Market,84.12,3523753,dollars per short ton,short tons
2018,APS,Appalachia Southern,OM,Open Market,94.06,4127344,dollars per short ton,short tons
2017,APS,Appalachia Southern,OM,Open Market,80.74,3029087,dollars per short ton,short tons
2016,APS,Appalachia Southern,OM,Open Market,81.12,2968333,dollars per short ton,short tons
2015,APS,Appalachia Southern,OM,Open Market,83.06,5102138,dollars per short ton,short tons
2014,APS,Appalachia Southern,OM,Open Market,84.48,5310349,dollars per short ton,short tons
2013,APS,Appalachia Southern,OM,Open Market,83.43,6989981,dollars per short ton,short tons
2012,APS,Appalachia Southern,OM,Open Market,85.06,8687990,dollars per short ton,short tons
2011,APS,Appalachia Southern,OM,Open Market,77.51,17341549,dollars per short ton,short tons
2010,APS,Appalachia Southern,OM,Open Market,86.11,20114283,dollars per short ton,short tons
2009,APS,Appalachia Southern,OM,Open Market,76.22,18684711,dollars per short ton,short tons
2008,APS,Appalachia Southern,OM,Open Market,71.31,20106836,dollars per short ton,short tons
2007,APS,Appalachia Southern,OM,Open Market,55.56,19350451,dollars per short ton,short tons
2006,APS,Appalachia Southern,OM,Open Market,48.39,18677726,dollars per short ton,short tons
2005,APS,Appalachia Southern,OM,Open Market,53.63,22155750,dollars per short ton,short tons
2004,APS,Appalachia Southern,OM,Open Market,41.73,21435944,dollars per short ton,short tons
2003,APS,Appalachia Southern,OM,Open Market,33.75,20563439,dollars per short ton,short tons
2002,APS,Appalachia Southern,OM,Open Market,34.28,18221469,dollars per short ton,short tons
2001,APS,Appalachia Southern,OM,Open Market,34.36,18559069,dollars per short ton,short tons
2023,APN,Appalachia Northern,OM,Open Market,72.66,55733654,dollars per short ton,short tons
2022,APN,Appalachia Northern,OM,Open Market,62.99,65809780,dollars per short ton,short tons
2021,APN,Appalachia Northern,OM,Open Market,50.57,67572042,dollars per short ton,short tons
2020,APN,Appalachia Northern,OM,Open Market,49.96,52820558,dollars per short ton,short tons
2019,APN,Appalachia Northern,OM,Open Market,52.95,64534005,dollars per short ton,short tons
2018,APN,Appalachia Northern,OM,Open Market,53.82,69350518,dollars per short ton,short tons
2017,APN,Appalachia Northern,OM,Open Market,51.23,72672072,dollars per short ton,short tons
2016,APN,Appalachia Northern,OM,Open Market,51.1,72449838,dollars per short ton,short tons
2015,APN,Appalachia Northern,OM,Open Market,57,81787316,dollars per short ton,short tons
2014,APN,Appalachia Northern,OM,Open Market,58.64,108712377,dollars per short ton,short tons
2013,APN,Appalachia Northern,OM,Open Market,58.74,106305093,dollars per short ton,short tons
2012,APN,Appalachia Northern,OM,Open Market,59.1,88391166,dollars per short ton,short tons
2011,APN,Appalachia Northern,OM,Open Market,56.95,104285240,dollars per short ton,short tons
2010,APN,Appalachia Northern,OM,Open Market,55.14,123105744,dollars per short ton,short tons
2009,APN,Appalachia Northern,OM,Open Market,51.34,115003501,dollars per short ton,short tons
2008,APN,Appalachia Northern,OM,Open Market,46.07,126458991,dollars per short ton,short tons
2007,APN,Appalachia Northern,OM,Open Market,36.85,125408839,dollars per short ton,short tons
2006,APN,Appalachia Northern,OM,Open Market,34.94,127074219,dollars per short ton,short tons
2005,APN,Appalachia Northern,OM,Open Market,33.48,130949986,dollars per short ton,short tons
2004,APN,Appalachia Northern,OM,Open Market,28.65,123425259,dollars per short ton,short tons
2003,APN,Appalachia Northern,OM,Open Market,25.5,117588289,dollars per short ton,short tons
2002,APN,Appalachia Northern,OM,Open Market,24.86,122030625,dollars per short ton,short tons
2001,APN,Appalachia Northern,OM,Open Market,24.04,132682227,dollars per short ton,short tons
2023,APN,Appalachia Northern,CAP,Captive,58.85,451308,dollars per short ton,short tons
2022,APN,Appalachia Northern,CAP,Captive,88.75,1124411,dollars per short ton,short tons
2021,APN,Appalachia Northern,CAP,Captive,117.72,1055745,dollars per short ton,short tons
2020,APN,Appalachia Northern,CAP,Captive,39.24,7802506,dollars per short ton,short tons
2019,APN,Appalachia Northern,CAP,Captive,43.02,20309070,dollars per short ton,short tons
2018,APN,Appalachia Northern,CAP,Captive,39.91,14102885,dollars per short ton,short tons
2017,APN,Appalachia Northern,CAP,Captive,44.07,13221167,dollars per short ton,short tons
2016,APN,Appalachia Northern,CAP,Captive,44.21,18098301,dollars per short ton,short tons
2015,APN,Appalachia Northern,CAP,Captive,46.57,17016368,dollars per short ton,short tons
2014,APN,Appalachia Northern,CAP,Captive,52.01,11153550,dollars per short ton,short tons
2013,APN,Appalachia Northern,CAP,Captive,55.66,5575161,dollars per short ton,short tons
2012,APN,Appalachia Northern,CAP,Captive,65,18759807,dollars per short ton,short tons
2011,APN,Appalachia Northern,CAP,Captive,70.63,6876159,dollars per short ton,short tons
2010,APN,Appalachia Northern,CAP,Captive,63.14,8675393,dollars per short ton,short tons
2009,APN,Appalachia Northern,CAP,Captive,56.14,9287258,dollars per short ton,short tons
2008,APN,Appalachia Northern,CAP,Captive,55.29,10371144,dollars per short ton,short tons
2007,APN,Appalachia Northern,CAP,Captive,47.77,7932243,dollars per short ton,short tons
2006,APN,Appalachia Northern,CAP,Captive,48.05,8156319,dollars per short ton,short tons
2005,APN,Appalachia Northern,CAP,Captive,41.5,9104111,dollars per short ton,short tons
2004,APN,Appalachia Northern,CAP,Captive,32.87,10347027,dollars per short ton,short tons
2003,APN,Appalachia Northern,CAP,Captive,27.18,8497606,dollars per short ton,short tons
2002,APN,Appalachia Northern,CAP,Captive,24.55,6037963,dollars per short ton,short tons
2001,APN,Appalachia Northern,CAP,Captive,46.89,8864611,dollars per short ton,short tons
2023,APC,Appalachia Central,OM,Open Market,132.25,28832830,dollars per short ton,short tons
2022,APC,Appalachia Central,OM,Open Market,123.92,30228053,dollars per short ton,short tons
2021,APC,Appalachia Central,OM,Open Market,75.97,27847041,dollars per short ton,short tons
2020,APC,Appalachia Central,OM,Open Market,75.21,25372055,dollars per short ton,short tons
2019,APC,Appalachia Central,OM,Open Market,80.42,40973425,dollars per short ton,short tons
2018,APC,Appalachia Central,OM,Open Market,76.4,44825897,dollars per short ton,short tons
2017,APC,Appalachia Central,OM,Open Market,68.97,46319737,dollars per short ton,short tons
2016,APC,Appalachia Central,OM,Open Market,57.49,43861608,dollars per short ton,short tons
2015,APC,Appalachia Central,OM,Open Market,63.57,61121443,dollars per short ton,short tons
2014,APC,Appalachia Central,OM,Open Market,70.14,79442730,dollars per short ton,short tons
2013,APC,Appalachia Central,OM,Open Market,77.21,88207293,dollars per short ton,short tons
2012,APC,Appalachia Central,OM,Open Market,83.52,77823558,dollars per short ton,short tons
2011,APC,Appalachia Central,OM,Open Market,80.63,134555507,dollars per short ton,short tons
2010,APC,Appalachia Central,OM,Open Market,76.28,157711165,dollars per short ton,short tons
2009,APC,Appalachia Central,OM,Open Market,68.05,169680922,dollars per short ton,short tons
2008,APC,Appalachia Central,OM,Open Market,62.56,204663092,dollars per short ton,short tons
2007,APC,Appalachia Central,OM,Open Market,49.76,204881433,dollars per short ton,short tons
2006,APC,Appalachia Central,OM,Open Market,48.76,210651145,dollars per short ton,short tons
2005,APC,Appalachia Central,OM,Open Market,44.76,214196037,dollars per short ton,short tons
2004,APC,Appalachia Central,OM,Open Market,36.73,212591722,dollars per short ton,short tons
2003,APC,Appalachia Central,OM,Open Market,30.37,218770324,dollars per short ton,short tons
2002,APC,Appalachia Central,OM,Open Market,30.16,240690662,dollars per short ton,short tons
2001,APC,Appalachia Central,OM,Open Market,28.1,260848993,dollars per short ton,short tons
2023,APC,Appalachia Central,CAP,Captive,212.46,477546,dollars per short ton,short tons
2022,APC,Appalachia Central,CAP,Captive,204.53,893645,dollars per short ton,short tons
2021,APC,Appalachia Central,CAP,Captive,129.24,1827997,dollars per short ton,short tons
2020,APC,Appalachia Central,CAP,Captive,89.81,571329,dollars per short ton,short tons
2019,APC,Appalachia Central,CAP,Captive,121.72,1263014,dollars per short ton,short tons
2018,APC,Appalachia Central,CAP,Captive,92.59,1270615,dollars per short ton,short tons
2017,APC,Appalachia Central,CAP,Captive,85.35,1807130,dollars per short ton,short tons
2016,APC,Appalachia Central,CAP,Captive,59.52,2444268,dollars per short ton,short tons
2015,APC,Appalachia Central,CAP,Captive,90.66,1960203,dollars per short ton,short tons
2014,APC,Appalachia Central,CAP,Captive,90.34,1467485,dollars per short ton,short tons
2013,APC,Appalachia Central,CAP,Captive,83.76,2353919,dollars per short ton,short tons
2012,APC,Appalachia Central,CAP,Captive,83.94,33714608,dollars per short ton,short tons
2011,APC,Appalachia Central,CAP,Captive,85.52,11218123,dollars per short ton,short tons
2010,APC,Appalachia Central,CAP,Captive,82.72,26513812,dollars per short ton,short tons
2009,APC,Appalachia Central,CAP,Captive,73.87,23505562,dollars per short ton,short tons
2008,APC,Appalachia Central,CAP,Captive,74.01,28655910,dollars per short ton,short tons
2007,APC,Appalachia Central,CAP,Captive,54.2,23323085,dollars per short ton,short tons
2006,APC,Appalachia Central,CAP,Captive,54.22,23706666,dollars per short ton,short tons
2005,APC,Appalachia Central,CAP,Captive,48.97,21011441,dollars per short ton,short tons
2004,APC,Appalachia Central,CAP,Captive,38.54,19039872,dollars per short ton,short tons
2003,APC,Appalachia Central,CAP,Captive,31.87,12647245,dollars per short ton,short tons
2002,APC,Appalachia Central,CAP,Captive,32.7,5959437,dollars per short ton,short tons
2001,APC,Appalachia Central,CAP,Captive,29.12,7131273,dollars per short ton,short tons
2023,APP,Appalachia Total,OM,Open Market,94.5,86861644,dollars per short ton,short tons
2022,APP,Appalachia Total,OM,Open Market,84.01,97901075,dollars per short ton,short tons
2021,APP,Appalachia Total,OM,Open Market,58.67,96954333,dollars per short ton,short tons
2020,APP,Appalachia Total,OM,Open Market,58.91,80627374,dollars per short ton,short tons
2019,APP,Appalachia Total,OM,Open Market,64.28,109031183,dollars per short ton,short tons
2018,APP,Appalachia Total,OM,Open Market,63.78,118303759,dollars per short ton,short tons
2017,APP,Appalachia Total,OM,Open Market,58.7,122020896,dollars per short ton,short tons
2016,APP,Appalachia Total,OM,Open Market,54.2,119279779,dollars per short ton,short tons
2015,APP,Appalachia Total,OM,Open Market,60.61,148010897,dollars per short ton,short tons
2014,APP,Appalachia Total,OM,Open Market,64.07,193465456,dollars per short ton,short tons
2013,APP,Appalachia Total,OM,Open Market,67.68,201502367,dollars per short ton,short tons
2012,APP,Appalachia Total,OM,Open Market,71.25,174902714,dollars per short ton,short tons
2011,APP,Appalachia Total,OM,Open Market,70.78,256182296,dollars per short ton,short tons
2010,APP,Appalachia Total,OM,Open Market,68.29,300931192,dollars per short ton,short tons
2009,APP,Appalachia Total,OM,Open Market,62.22,303369134,dollars per short ton,short tons
2008,APP,Appalachia Total,OM,Open Market,57.12,351228919,dollars per short ton,short tons
2007,APP,Appalachia Total,OM,Open Market,45.45,349640723,dollars per short ton,short tons
2006,APP,Appalachia Total,OM,Open Market,43.82,356403090,dollars per short ton,short tons
2005,APP,Appalachia Total,OM,Open Market,41.27,367301773,dollars per short ton,short tons
2004,APP,Appalachia Total,OM,Open Market,34.24,357452925,dollars per short ton,short tons
2003,APP,Appalachia Total,OM,Open Market,28.96,356922052,dollars per short ton,short tons
2002,APP,Appalachia Total,OM,Open Market,28.66,380942756,dollars per short ton,short tons
2001,APP,Appalachia Total,OM,Open Market,27.07,412090289,dollars per short ton,short tons
2023,APP,Appalachia Total,CAP,Captive,137.83,928854,dollars per short ton,short tons
2022,APP,Appalachia Total,CAP,Captive,140.02,2018056,dollars per short ton,short tons
2021,APP,Appalachia Total,CAP,Captive,125.02,2883742,dollars per short ton,short tons
2020,APP,Appalachia Total,CAP,Captive,42.91,8497689,dollars per short ton,short tons
2019,APP,Appalachia Total,CAP,Captive,47.93,21661918,dollars per short ton,short tons
2018,APP,Appalachia Total,CAP,Captive,44.54,15446948,dollars per short ton,short tons
2017,APP,Appalachia Total,CAP,Captive,49.46,15157838,dollars per short ton,short tons
2016,APP,Appalachia Total,CAP,Captive,46.14,20655169,dollars per short ton,short tons
2015,APP,Appalachia Total,CAP,Captive,51.13,18979432,dollars per short ton,short tons
2014,APP,Appalachia Total,CAP,Captive,56.46,12621035,dollars per short ton,short tons
2013,APP,Appalachia Total,CAP,Captive,64,7929080,dollars per short ton,short tons
2012,APP,Appalachia Total,CAP,Captive,77.17,52474415,dollars per short ton,short tons
2011,APP,Appalachia Total,CAP,Captive,79.86,18094282,dollars per short ton,short tons
2010,APP,Appalachia Total,CAP,Captive,77.94,35299543,dollars per short ton,short tons
2009,APP,Appalachia Total,CAP,Captive,68.8,32876064,dollars per short ton,short tons
2008,APP,Appalachia Total,CAP,Captive,69.04,39027054,dollars per short ton,short tons
2007,APP,Appalachia Total,CAP,Captive,52.57,31255328,dollars per short ton,short tons
2006,APP,Appalachia Total,CAP,Captive,52.64,31862985,dollars per short ton,short tons
2005,APP,Appalachia Total,CAP,Captive,46.71,30115552,dollars per short ton,short tons
2004,APP,Appalachia Total,CAP,Captive,36.54,29386899,dollars per short ton,short tons
2003,APP,Appalachia Total,CAP,Captive,29.98,21144851,dollars per short ton,short tons
2002,APP,Appalachia Total,CAP,Captive,29.46,12699981,dollars per short ton,short tons
2001,APP,Appalachia Total,CAP,Captive,39.08,16743917,dollars per short ton,short tons
2020,APS,Appalachia Southern,CAP,Captive,57.98,123854,dollars per short ton,short tons
2019,APS,Appalachia Southern,CAP,Captive,121.43,89834,dollars per short ton,short tons
2018,APS,Appalachia Southern,CAP,Captive,101.29,73448,dollars per short ton,short tons
2017,APS,Appalachia Southern,CAP,Captive,98.95,129541,dollars per short ton,short tons
2016,APS,Appalachia Southern,CAP,Captive,65.15,112600,dollars per short ton,short tons
2015,APS,Appalachia Southern,CAP,Captive,73.01,2861,dollars per short ton,short tons
2010,APS,Appalachia Southern,CAP,Captive,93.42,110338,dollars per short ton,short tons
2009,APS,Appalachia Southern,CAP,Captive,48.3,83244,dollars per short ton,short tons
2002,APS,Appalachia Southern,CAP,Captive,44.18,702581,dollars per short ton,short tons
2001,APS,Appalachia Southern,CAP,Captive,41.45,748033,dollars per short ton,short tons
