eia_market_sales_price.csv
period,stateRegionId,stateRegionDescription,marketTypeId,marketTypeDescription,price,sales,price-units,sales-units
2018,WNC,West North Central,CAP,Captive,17.08,4256867,dollars per short ton,short tons
2017,WNC,West North Central,CAP,Captive,16.22,4611908,dollars per short ton,short tons
2016,WNC,West North Central,CAP,Captive,18.73,3794764,dollars per short ton,short tons
2015,WNC,West North Central,CAP,Captive,20.06,4245585,dollars per short ton,short tons
2014,WNC,West North Central,CAP,Captive,19.32,3875996,dollars per short ton,short tons
2013,WNC,West North Central,CAP,Captive,17.02,3591100,dollars per short ton,short tons
2012,WNC,West North Central,CAP,Captive,14.75,4353252,dollars per short ton,short tons
2011,WNC,West North Central,CAP,Captive,12.94,4178918,dollars per short ton,short tons
2010,WNC,West North Central,CAP,Captive,13.03,3759673,dollars per short ton,short tons
2009,WNC,West North Central,CAP,Captive,11.42,4149098,dollars per short ton,short tons
2008,WNC,West North Central,CAP,Captive,10.53,4456306,dollars per short ton,short tons
2007,WNC,West North Central,CAP,Captive,10.62,3844309,dollars per short ton,short tons
2006,WNC,West North Central,CAP,Captive,9.39,4114796,dollars per short ton,short tons
2005,WNC,West North Central,CAP,Captive,7.99,4438360,dollars per short ton,short tons
2004,WNC,West North Central,CAP,Captive,7.47,4163317,dollars per short ton,short tons
2001,WNC,West North Central,CAP,Captive,9.96,402999,dollars per short ton,short tons
